Archive member included to satisfy reference by file (symbol)

/Applications/STM32CubeIDE.app/Contents/Eclipse/plugins/com.st.stm32cube.ide.mcu.externaltools.gnu-tools-for-stm32.7-2018-q2-update.macos64_1.0.0.201904181610/tools/bin/../lib/gcc/arm-none-eabi/7.3.1/../../../../arm-none-eabi/lib/thumb/v7e-m/fpv4-sp/hard/libc_nano.a(lib_a-errno.o)
                              Core/Src/syscalls.o (__errno)
/Applications/STM32CubeIDE.app/Contents/Eclipse/plugins/com.st.stm32cube.ide.mcu.externaltools.gnu-tools-for-stm32.7-2018-q2-update.macos64_1.0.0.201904181610/tools/bin/../lib/gcc/arm-none-eabi/7.3.1/../../../../arm-none-eabi/lib/thumb/v7e-m/fpv4-sp/hard/libc_nano.a(lib_a-exit.o)
                              /Applications/STM32CubeIDE.app/Contents/Eclipse/plugins/com.st.stm32cube.ide.mcu.externaltools.gnu-tools-for-stm32.7-2018-q2-update.macos64_1.0.0.201904181610/tools/bin/../lib/gcc/arm-none-eabi/7.3.1/../../../../arm-none-eabi/lib/thumb/v7e-m/fpv4-sp/hard/crt0.o (exit)
/Applications/STM32CubeIDE.app/Contents/Eclipse/plugins/com.st.stm32cube.ide.mcu.externaltools.gnu-tools-for-stm32.7-2018-q2-update.macos64_1.0.0.201904181610/tools/bin/../lib/gcc/arm-none-eabi/7.3.1/../../../../arm-none-eabi/lib/thumb/v7e-m/fpv4-sp/hard/libc_nano.a(lib_a-impure.o)
                              /Applications/STM32CubeIDE.app/Contents/Eclipse/plugins/com.st.stm32cube.ide.mcu.externaltools.gnu-tools-for-stm32.7-2018-q2-update.macos64_1.0.0.201904181610/tools/bin/../lib/gcc/arm-none-eabi/7.3.1/../../../../arm-none-eabi/lib/thumb/v7e-m/fpv4-sp/hard/libc_nano.a(lib_a-exit.o) (_global_impure_ptr)
/Applications/STM32CubeIDE.app/Contents/Eclipse/plugins/com.st.stm32cube.ide.mcu.externaltools.gnu-tools-for-stm32.7-2018-q2-update.macos64_1.0.0.201904181610/tools/bin/../lib/gcc/arm-none-eabi/7.3.1/../../../../arm-none-eabi/lib/thumb/v7e-m/fpv4-sp/hard/libc_nano.a(lib_a-init.o)
                              /Applications/STM32CubeIDE.app/Contents/Eclipse/plugins/com.st.stm32cube.ide.mcu.externaltools.gnu-tools-for-stm32.7-2018-q2-update.macos64_1.0.0.201904181610/tools/bin/../lib/gcc/arm-none-eabi/7.3.1/../../../../arm-none-eabi/lib/thumb/v7e-m/fpv4-sp/hard/crt0.o (__libc_init_array)
/Applications/STM32CubeIDE.app/Contents/Eclipse/plugins/com.st.stm32cube.ide.mcu.externaltools.gnu-tools-for-stm32.7-2018-q2-update.macos64_1.0.0.201904181610/tools/bin/../lib/gcc/arm-none-eabi/7.3.1/../../../../arm-none-eabi/lib/thumb/v7e-m/fpv4-sp/hard/libc_nano.a(lib_a-memset.o)
                              /Applications/STM32CubeIDE.app/Contents/Eclipse/plugins/com.st.stm32cube.ide.mcu.externaltools.gnu-tools-for-stm32.7-2018-q2-update.macos64_1.0.0.201904181610/tools/bin/../lib/gcc/arm-none-eabi/7.3.1/../../../../arm-none-eabi/lib/thumb/v7e-m/fpv4-sp/hard/crt0.o (memset)

Allocating common symbols
Common symbol       size              file

hi2c3               0x54              Core/Src/main.o
htim4               0x40              Core/Src/main.o
huart3              0x40              Core/Src/main.o
hadc2               0x48              Core/Src/main.o
hi2c1               0x54              Core/Src/main.o
htim3               0x40              Core/Src/main.o
hadc1               0x48              Core/Src/main.o
hdac                0x14              Core/Src/main.o
button_state        0x1               Core/Src/main.o
CASE                0x4               Core/Src/main.o
huart2              0x40              Core/Src/main.o

Discarded input sections

 .text          0x0000000000000000        0x0 /Applications/STM32CubeIDE.app/Contents/Eclipse/plugins/com.st.stm32cube.ide.mcu.externaltools.gnu-tools-for-stm32.7-2018-q2-update.macos64_1.0.0.201904181610/tools/bin/../lib/gcc/arm-none-eabi/7.3.1/thumb/v7e-m/fpv4-sp/hard/crti.o
 .data          0x0000000000000000        0x0 /Applications/STM32CubeIDE.app/Contents/Eclipse/plugins/com.st.stm32cube.ide.mcu.externaltools.gnu-tools-for-stm32.7-2018-q2-update.macos64_1.0.0.201904181610/tools/bin/../lib/gcc/arm-none-eabi/7.3.1/thumb/v7e-m/fpv4-sp/hard/crti.o
 .bss           0x0000000000000000        0x0 /Applications/STM32CubeIDE.app/Contents/Eclipse/plugins/com.st.stm32cube.ide.mcu.externaltools.gnu-tools-for-stm32.7-2018-q2-update.macos64_1.0.0.201904181610/tools/bin/../lib/gcc/arm-none-eabi/7.3.1/thumb/v7e-m/fpv4-sp/hard/crti.o
 .data          0x0000000000000000        0x4 /Applications/STM32CubeIDE.app/Contents/Eclipse/plugins/com.st.stm32cube.ide.mcu.externaltools.gnu-tools-for-stm32.7-2018-q2-update.macos64_1.0.0.201904181610/tools/bin/../lib/gcc/arm-none-eabi/7.3.1/thumb/v7e-m/fpv4-sp/hard/crtbegin.o
 .text          0x0000000000000000       0x74 /Applications/STM32CubeIDE.app/Contents/Eclipse/plugins/com.st.stm32cube.ide.mcu.externaltools.gnu-tools-for-stm32.7-2018-q2-update.macos64_1.0.0.201904181610/tools/bin/../lib/gcc/arm-none-eabi/7.3.1/../../../../arm-none-eabi/lib/thumb/v7e-m/fpv4-sp/hard/crt0.o
 .data          0x0000000000000000        0x0 /Applications/STM32CubeIDE.app/Contents/Eclipse/plugins/com.st.stm32cube.ide.mcu.externaltools.gnu-tools-for-stm32.7-2018-q2-update.macos64_1.0.0.201904181610/tools/bin/../lib/gcc/arm-none-eabi/7.3.1/../../../../arm-none-eabi/lib/thumb/v7e-m/fpv4-sp/hard/crt0.o
 .bss           0x0000000000000000        0x0 /Applications/STM32CubeIDE.app/Contents/Eclipse/plugins/com.st.stm32cube.ide.mcu.externaltools.gnu-tools-for-stm32.7-2018-q2-update.macos64_1.0.0.201904181610/tools/bin/../lib/gcc/arm-none-eabi/7.3.1/../../../../arm-none-eabi/lib/thumb/v7e-m/fpv4-sp/hard/crt0.o
 .ARM.extab     0x0000000000000000        0x0 /Applications/STM32CubeIDE.app/Contents/Eclipse/plugins/com.st.stm32cube.ide.mcu.externaltools.gnu-tools-for-stm32.7-2018-q2-update.macos64_1.0.0.201904181610/tools/bin/../lib/gcc/arm-none-eabi/7.3.1/../../../../arm-none-eabi/lib/thumb/v7e-m/fpv4-sp/hard/crt0.o
 .ARM.exidx     0x0000000000000000        0x8 /Applications/STM32CubeIDE.app/Contents/Eclipse/plugins/com.st.stm32cube.ide.mcu.externaltools.gnu-tools-for-stm32.7-2018-q2-update.macos64_1.0.0.201904181610/tools/bin/../lib/gcc/arm-none-eabi/7.3.1/../../../../arm-none-eabi/lib/thumb/v7e-m/fpv4-sp/hard/crt0.o
 .ARM.attributes
                0x0000000000000000       0x20 /Applications/STM32CubeIDE.app/Contents/Eclipse/plugins/com.st.stm32cube.ide.mcu.externaltools.gnu-tools-for-stm32.7-2018-q2-update.macos64_1.0.0.201904181610/tools/bin/../lib/gcc/arm-none-eabi/7.3.1/../../../../arm-none-eabi/lib/thumb/v7e-m/fpv4-sp/hard/crt0.o
 .group         0x0000000000000000        0xc Core/Src/main.o
 .group         0x0000000000000000        0xc Core/Src/main.o
 .group         0x0000000000000000        0xc Core/Src/main.o
 .group         0x0000000000000000        0xc Core/Src/main.o
 .group         0x0000000000000000        0xc Core/Src/main.o
 .group         0x0000000000000000        0xc Core/Src/main.o
 .group         0x0000000000000000        0xc Core/Src/main.o
 .group         0x0000000000000000        0xc Core/Src/main.o
 .group         0x0000000000000000        0xc Core/Src/main.o
 .group         0x0000000000000000        0xc Core/Src/main.o
 .group         0x0000000000000000        0xc Core/Src/main.o
 .group         0x0000000000000000        0xc Core/Src/main.o
 .group         0x0000000000000000        0xc Core/Src/main.o
 .group         0x0000000000000000        0xc Core/Src/main.o
 .group         0x0000000000000000        0xc Core/Src/main.o
 .group         0x0000000000000000        0xc Core/Src/main.o
 .group         0x0000000000000000        0xc Core/Src/main.o
 .group         0x0000000000000000        0xc Core/Src/main.o
 .group         0x0000000000000000        0xc Core/Src/main.o
 .group         0x0000000000000000        0xc Core/Src/main.o
 .group         0x0000000000000000        0xc Core/Src/main.o
 .group         0x0000000000000000        0xc Core/Src/main.o
 .group         0x0000000000000000        0xc Core/Src/main.o
 .group         0x0000000000000000        0xc Core/Src/main.o
 .group         0x0000000000000000        0xc Core/Src/main.o
 .group         0x0000000000000000        0xc Core/Src/main.o
 .group         0x0000000000000000        0xc Core/Src/main.o
 .group         0x0000000000000000        0xc Core/Src/main.o
 .group         0x0000000000000000        0xc Core/Src/main.o
 .group         0x0000000000000000        0xc Core/Src/main.o
 .group         0x0000000000000000        0xc Core/Src/main.o
 .group         0x0000000000000000        0xc Core/Src/main.o
 .group         0x0000000000000000        0xc Core/Src/main.o
 .group         0x0000000000000000        0xc Core/Src/main.o
 .group         0x0000000000000000        0xc Core/Src/main.o
 .group         0x0000000000000000        0xc Core/Src/main.o
 .group         0x0000000000000000        0xc Core/Src/main.o
 .group         0x0000000000000000        0xc Core/Src/main.o
 .group         0x0000000000000000        0xc Core/Src/main.o
 .group         0x0000000000000000        0xc Core/Src/main.o
 .group         0x0000000000000000        0xc Core/Src/main.o
 .group         0x0000000000000000        0xc Core/Src/main.o
 .group         0x0000000000000000        0xc Core/Src/main.o
 .group         0x0000000000000000        0xc Core/Src/main.o
 .group         0x0000000000000000        0xc Core/Src/main.o
 .group         0x0000000000000000        0xc Core/Src/main.o
 .group         0x0000000000000000        0xc Core/Src/main.o
 .group         0x0000000000000000        0xc Core/Src/main.o
 .group         0x0000000000000000        0xc Core/Src/main.o
 .group         0x0000000000000000        0xc Core/Src/main.o
 .group         0x0000000000000000        0xc Core/Src/main.o
 .group         0x0000000000000000        0xc Core/Src/main.o
 .group         0x0000000000000000        0xc Core/Src/main.o
 .group         0x0000000000000000        0xc Core/Src/main.o
 .group         0x0000000000000000        0xc Core/Src/main.o
 .group         0x0000000000000000        0xc Core/Src/main.o
 .group         0x0000000000000000        0xc Core/Src/main.o
 .group         0x0000000000000000        0xc Core/Src/main.o
 .group         0x0000000000000000        0xc Core/Src/main.o
 .group         0x0000000000000000        0xc Core/Src/main.o
 .group         0x0000000000000000        0xc Core/Src/main.o
 .group         0x0000000000000000        0xc Core/Src/main.o
 .group         0x0000000000000000        0xc Core/Src/main.o
 .group         0x0000000000000000        0xc Core/Src/main.o
 .group         0x0000000000000000        0xc Core/Src/main.o
 .group         0x0000000000000000        0xc Core/Src/main.o
 .group         0x0000000000000000        0xc Core/Src/main.o
 .group         0x0000000000000000        0xc Core/Src/main.o
 .group         0x0000000000000000        0xc Core/Src/main.o
 .group         0x0000000000000000        0xc Core/Src/main.o
 .group         0x0000000000000000        0xc Core/Src/main.o
 .group         0x0000000000000000        0xc Core/Src/main.o
 .group         0x0000000000000000        0xc Core/Src/main.o
 .group         0x0000000000000000        0xc Core/Src/main.o
 .group         0x0000000000000000        0xc Core/Src/main.o
 .text          0x0000000000000000        0x0 Core/Src/main.o
 .data          0x0000000000000000        0x0 Core/Src/main.o
 .bss           0x0000000000000000        0x0 Core/Src/main.o
 .bss.Estop     0x0000000000000000        0x1 Core/Src/main.o
 .text.Blink    0x0000000000000000       0x3c Core/Src/main.o
 .group         0x0000000000000000        0xc Core/Src/stm32f4xx_hal_msp.o
 .group         0x0000000000000000        0xc Core/Src/stm32f4xx_hal_msp.o
 .group         0x0000000000000000        0xc Core/Src/stm32f4xx_hal_msp.o
 .group         0x0000000000000000        0xc Core/Src/stm32f4xx_hal_msp.o
 .group         0x0000000000000000        0xc Core/Src/stm32f4xx_hal_msp.o
 .group         0x0000000000000000        0xc Core/Src/stm32f4xx_hal_msp.o
 .group         0x0000000000000000        0xc Core/Src/stm32f4xx_hal_msp.o
 .group         0x0000000000000000        0xc Core/Src/stm32f4xx_hal_msp.o
 .group         0x0000000000000000        0xc Core/Src/stm32f4xx_hal_msp.o
 .group         0x0000000000000000        0xc Core/Src/stm32f4xx_hal_msp.o
 .group         0x0000000000000000        0xc Core/Src/stm32f4xx_hal_msp.o
 .group         0x0000000000000000        0xc Core/Src/stm32f4xx_hal_msp.o
 .group         0x0000000000000000        0xc Core/Src/stm32f4xx_hal_msp.o
 .group         0x0000000000000000        0xc Core/Src/stm32f4xx_hal_msp.o
 .group         0x0000000000000000        0xc Core/Src/stm32f4xx_hal_msp.o
 .group         0x0000000000000000        0xc Core/Src/stm32f4xx_hal_msp.o
 .group         0x0000000000000000        0xc Core/Src/stm32f4xx_hal_msp.o
 .group         0x0000000000000000        0xc Core/Src/stm32f4xx_hal_msp.o
 .group         0x0000000000000000        0xc Core/Src/stm32f4xx_hal_msp.o
 .group         0x0000000000000000        0xc Core/Src/stm32f4xx_hal_msp.o
 .group         0x0000000000000000        0xc Core/Src/stm32f4xx_hal_msp.o
 .group         0x0000000000000000        0xc Core/Src/stm32f4xx_hal_msp.o
 .group         0x0000000000000000        0xc Core/Src/stm32f4xx_hal_msp.o
 .group         0x0000000000000000        0xc Core/Src/stm32f4xx_hal_msp.o
 .group         0x0000000000000000        0xc Core/Src/stm32f4xx_hal_msp.o
 .group         0x0000000000000000        0xc Core/Src/stm32f4xx_hal_msp.o
 .group         0x0000000000000000        0xc Core/Src/stm32f4xx_hal_msp.o
 .group         0x0000000000000000        0xc Core/Src/stm32f4xx_hal_msp.o
 .group         0x0000000000000000        0xc Core/Src/stm32f4xx_hal_msp.o
 .group         0x0000000000000000        0xc Core/Src/stm32f4xx_hal_msp.o
 .group         0x0000000000000000        0xc Core/Src/stm32f4xx_hal_msp.o
 .group         0x0000000000000000        0xc Core/Src/stm32f4xx_hal_msp.o
 .group         0x0000000000000000        0xc Core/Src/stm32f4xx_hal_msp.o
 .group         0x0000000000000000        0xc Core/Src/stm32f4xx_hal_msp.o
 .group         0x0000000000000000        0xc Core/Src/stm32f4xx_hal_msp.o
 .group         0x0000000000000000        0xc Core/Src/stm32f4xx_hal_msp.o
 .group         0x0000000000000000        0xc Core/Src/stm32f4xx_hal_msp.o
 .group         0x0000000000000000        0xc Core/Src/stm32f4xx_hal_msp.o
 .group         0x0000000000000000        0xc Core/Src/stm32f4xx_hal_msp.o
 .group         0x0000000000000000        0xc Core/Src/stm32f4xx_hal_msp.o
 .group         0x0000000000000000        0xc Core/Src/stm32f4xx_hal_msp.o
 .group         0x0000000000000000        0xc Core/Src/stm32f4xx_hal_msp.o
 .group         0x0000000000000000        0xc Core/Src/stm32f4xx_hal_msp.o
 .group         0x0000000000000000        0xc Core/Src/stm32f4xx_hal_msp.o
 .group         0x0000000000000000        0xc Core/Src/stm32f4xx_hal_msp.o
 .group         0x0000000000000000        0xc Core/Src/stm32f4xx_hal_msp.o
 .group         0x0000000000000000        0xc Core/Src/stm32f4xx_hal_msp.o
 .group         0x0000000000000000        0xc Core/Src/stm32f4xx_hal_msp.o
 .group         0x0000000000000000        0xc Core/Src/stm32f4xx_hal_msp.o
 .text          0x0000000000000000        0x0 Core/Src/stm32f4xx_hal_msp.o
 .data          0x0000000000000000        0x0 Core/Src/stm32f4xx_hal_msp.o
 .bss           0x0000000000000000        0x0 Core/Src/stm32f4xx_hal_msp.o
 .text.HAL_MspInit
                0x0000000000000000       0x50 Core/Src/stm32f4xx_hal_msp.o
 .text.HAL_ADC_MspInit
                0x0000000000000000       0xe8 Core/Src/stm32f4xx_hal_msp.o
 .text.HAL_ADC_MspDeInit
                0x0000000000000000       0x60 Core/Src/stm32f4xx_hal_msp.o
 .text.HAL_DAC_MspInit
                0x0000000000000000       0x88 Core/Src/stm32f4xx_hal_msp.o
 .text.HAL_DAC_MspDeInit
                0x0000000000000000       0x3c Core/Src/stm32f4xx_hal_msp.o
 .text.HAL_I2C_MspInit
                0x0000000000000000      0x140 Core/Src/stm32f4xx_hal_msp.o
 .text.HAL_I2C_MspDeInit
                0x0000000000000000       0x74 Core/Src/stm32f4xx_hal_msp.o
 .text.HAL_TIM_Base_MspInit
                0x0000000000000000       0x70 Core/Src/stm32f4xx_hal_msp.o
 .text.HAL_TIM_Base_MspDeInit
                0x0000000000000000       0x50 Core/Src/stm32f4xx_hal_msp.o
 .text.HAL_UART_MspInit
                0x0000000000000000      0x140 Core/Src/stm32f4xx_hal_msp.o
 .text.HAL_UART_MspDeInit
                0x0000000000000000       0x74 Core/Src/stm32f4xx_hal_msp.o
 .debug_macro   0x0000000000000000      0xa5a Core/Src/stm32f4xx_hal_msp.o
 .debug_macro   0x0000000000000000      0x19c Core/Src/stm32f4xx_hal_msp.o
 .debug_macro   0x0000000000000000       0x2e Core/Src/stm32f4xx_hal_msp.o
 .debug_macro   0x0000000000000000       0x2f Core/Src/stm32f4xx_hal_msp.o
 .debug_macro   0x0000000000000000       0x22 Core/Src/stm32f4xx_hal_msp.o
 .debug_macro   0x0000000000000000       0x8e Core/Src/stm32f4xx_hal_msp.o
 .debug_macro   0x0000000000000000       0x51 Core/Src/stm32f4xx_hal_msp.o
 .debug_macro   0x0000000000000000       0xef Core/Src/stm32f4xx_hal_msp.o
 .debug_macro   0x0000000000000000       0x6a Core/Src/stm32f4xx_hal_msp.o
 .debug_macro   0x0000000000000000      0x1df Core/Src/stm32f4xx_hal_msp.o
 .debug_macro   0x0000000000000000       0x1c Core/Src/stm32f4xx_hal_msp.o
 .debug_macro   0x0000000000000000       0x22 Core/Src/stm32f4xx_hal_msp.o
 .debug_macro   0x0000000000000000       0xdf Core/Src/stm32f4xx_hal_msp.o
 .debug_macro   0x0000000000000000     0x102d Core/Src/stm32f4xx_hal_msp.o
 .debug_macro   0x0000000000000000      0x11f Core/Src/stm32f4xx_hal_msp.o
 .debug_macro   0x0000000000000000    0x15e3c Core/Src/stm32f4xx_hal_msp.o
 .debug_macro   0x0000000000000000       0x43 Core/Src/stm32f4xx_hal_msp.o
 .debug_macro   0x0000000000000000     0x3659 Core/Src/stm32f4xx_hal_msp.o
 .debug_macro   0x0000000000000000      0x174 Core/Src/stm32f4xx_hal_msp.o
 .debug_macro   0x0000000000000000       0x5a Core/Src/stm32f4xx_hal_msp.o
 .debug_macro   0x0000000000000000      0x96b Core/Src/stm32f4xx_hal_msp.o
 .debug_macro   0x0000000000000000      0x9fe Core/Src/stm32f4xx_hal_msp.o
 .debug_macro   0x0000000000000000      0x174 Core/Src/stm32f4xx_hal_msp.o
 .debug_macro   0x0000000000000000      0x117 Core/Src/stm32f4xx_hal_msp.o
 .debug_macro   0x0000000000000000      0x13e Core/Src/stm32f4xx_hal_msp.o
 .debug_macro   0x0000000000000000       0x27 Core/Src/stm32f4xx_hal_msp.o
 .debug_macro   0x0000000000000000      0x287 Core/Src/stm32f4xx_hal_msp.o
 .debug_macro   0x0000000000000000       0x5f Core/Src/stm32f4xx_hal_msp.o
 .debug_macro   0x0000000000000000      0x236 Core/Src/stm32f4xx_hal_msp.o
 .debug_macro   0x0000000000000000      0x391 Core/Src/stm32f4xx_hal_msp.o
 .debug_macro   0x0000000000000000      0x176 Core/Src/stm32f4xx_hal_msp.o
 .debug_macro   0x0000000000000000       0xf9 Core/Src/stm32f4xx_hal_msp.o
 .debug_macro   0x0000000000000000       0xea Core/Src/stm32f4xx_hal_msp.o
 .debug_macro   0x0000000000000000       0xa0 Core/Src/stm32f4xx_hal_msp.o
 .debug_macro   0x0000000000000000       0x3c Core/Src/stm32f4xx_hal_msp.o
 .debug_macro   0x0000000000000000      0x12c Core/Src/stm32f4xx_hal_msp.o
 .debug_macro   0x0000000000000000      0x21e Core/Src/stm32f4xx_hal_msp.o
 .debug_macro   0x0000000000000000       0x2e Core/Src/stm32f4xx_hal_msp.o
 .debug_macro   0x0000000000000000      0x1b5 Core/Src/stm32f4xx_hal_msp.o
 .debug_macro   0x0000000000000000       0xd6 Core/Src/stm32f4xx_hal_msp.o
 .debug_macro   0x0000000000000000      0x11a Core/Src/stm32f4xx_hal_msp.o
 .debug_macro   0x0000000000000000       0x7e Core/Src/stm32f4xx_hal_msp.o
 .debug_macro   0x0000000000000000       0x89 Core/Src/stm32f4xx_hal_msp.o
 .debug_macro   0x0000000000000000      0x8a0 Core/Src/stm32f4xx_hal_msp.o
 .debug_macro   0x0000000000000000       0x47 Core/Src/stm32f4xx_hal_msp.o
 .debug_macro   0x0000000000000000      0x287 Core/Src/stm32f4xx_hal_msp.o
 .debug_macro   0x0000000000000000      0x12d Core/Src/stm32f4xx_hal_msp.o
 .debug_macro   0x0000000000000000       0x22 Core/Src/stm32f4xx_hal_msp.o
 .debug_macro   0x0000000000000000      0x160 Core/Src/stm32f4xx_hal_msp.o
 .group         0x0000000000000000        0xc Core/Src/stm32f4xx_it.o
 .group         0x0000000000000000        0xc Core/Src/stm32f4xx_it.o
 .group         0x0000000000000000        0xc Core/Src/stm32f4xx_it.o
 .group         0x0000000000000000        0xc Core/Src/stm32f4xx_it.o
 .group         0x0000000000000000        0xc Core/Src/stm32f4xx_it.o
 .group         0x0000000000000000        0xc Core/Src/stm32f4xx_it.o
 .group         0x0000000000000000        0xc Core/Src/stm32f4xx_it.o
 .group         0x0000000000000000        0xc Core/Src/stm32f4xx_it.o
 .group         0x0000000000000000        0xc Core/Src/stm32f4xx_it.o
 .group         0x0000000000000000        0xc Core/Src/stm32f4xx_it.o
 .group         0x0000000000000000        0xc Core/Src/stm32f4xx_it.o
 .group         0x0000000000000000        0xc Core/Src/stm32f4xx_it.o
 .group         0x0000000000000000        0xc Core/Src/stm32f4xx_it.o
 .group         0x0000000000000000        0xc Core/Src/stm32f4xx_it.o
 .group         0x0000000000000000        0xc Core/Src/stm32f4xx_it.o
 .group         0x0000000000000000        0xc Core/Src/stm32f4xx_it.o
 .group         0x0000000000000000        0xc Core/Src/stm32f4xx_it.o
 .group         0x0000000000000000        0xc Core/Src/stm32f4xx_it.o
 .group         0x0000000000000000        0xc Core/Src/stm32f4xx_it.o
 .group         0x0000000000000000        0xc Core/Src/stm32f4xx_it.o
 .group         0x0000000000000000        0xc Core/Src/stm32f4xx_it.o
 .group         0x0000000000000000        0xc Core/Src/stm32f4xx_it.o
 .group         0x0000000000000000        0xc Core/Src/stm32f4xx_it.o
 .group         0x0000000000000000        0xc Core/Src/stm32f4xx_it.o
 .group         0x0000000000000000        0xc Core/Src/stm32f4xx_it.o
 .group         0x0000000000000000        0xc Core/Src/stm32f4xx_it.o
 .group         0x0000000000000000        0xc Core/Src/stm32f4xx_it.o
 .group         0x0000000000000000        0xc Core/Src/stm32f4xx_it.o
 .group         0x0000000000000000        0xc Core/Src/stm32f4xx_it.o
 .group         0x0000000000000000        0xc Core/Src/stm32f4xx_it.o
 .group         0x0000000000000000        0xc Core/Src/stm32f4xx_it.o
 .group         0x0000000000000000        0xc Core/Src/stm32f4xx_it.o
 .group         0x0000000000000000        0xc Core/Src/stm32f4xx_it.o
 .group         0x0000000000000000        0xc Core/Src/stm32f4xx_it.o
 .group         0x0000000000000000        0xc Core/Src/stm32f4xx_it.o
 .group         0x0000000000000000        0xc Core/Src/stm32f4xx_it.o
 .group         0x0000000000000000        0xc Core/Src/stm32f4xx_it.o
 .group         0x0000000000000000        0xc Core/Src/stm32f4xx_it.o
 .group         0x0000000000000000        0xc Core/Src/stm32f4xx_it.o
 .group         0x0000000000000000        0xc Core/Src/stm32f4xx_it.o
 .group         0x0000000000000000        0xc Core/Src/stm32f4xx_it.o
 .group         0x0000000000000000        0xc Core/Src/stm32f4xx_it.o
 .group         0x0000000000000000        0xc Core/Src/stm32f4xx_it.o
 .group         0x0000000000000000        0xc Core/Src/stm32f4xx_it.o
 .group         0x0000000000000000        0xc Core/Src/stm32f4xx_it.o
 .group         0x0000000000000000        0xc Core/Src/stm32f4xx_it.o
 .group         0x0000000000000000        0xc Core/Src/stm32f4xx_it.o
 .group         0x0000000000000000        0xc Core/Src/stm32f4xx_it.o
 .group         0x0000000000000000        0xc Core/Src/stm32f4xx_it.o
 .text          0x0000000000000000        0x0 Core/Src/stm32f4xx_it.o
 .data          0x0000000000000000        0x0 Core/Src/stm32f4xx_it.o
 .bss           0x0000000000000000        0x0 Core/Src/stm32f4xx_it.o
 .debug_macro   0x0000000000000000      0xa5a Core/Src/stm32f4xx_it.o
 .debug_macro   0x0000000000000000      0x19c Core/Src/stm32f4xx_it.o
 .debug_macro   0x0000000000000000       0x2e Core/Src/stm32f4xx_it.o
 .debug_macro   0x0000000000000000       0x2f Core/Src/stm32f4xx_it.o
 .debug_macro   0x0000000000000000       0x22 Core/Src/stm32f4xx_it.o
 .debug_macro   0x0000000000000000       0x8e Core/Src/stm32f4xx_it.o
 .debug_macro   0x0000000000000000       0x51 Core/Src/stm32f4xx_it.o
 .debug_macro   0x0000000000000000       0xef Core/Src/stm32f4xx_it.o
 .debug_macro   0x0000000000000000       0x6a Core/Src/stm32f4xx_it.o
 .debug_macro   0x0000000000000000      0x1df Core/Src/stm32f4xx_it.o
 .debug_macro   0x0000000000000000       0x1c Core/Src/stm32f4xx_it.o
 .debug_macro   0x0000000000000000       0x22 Core/Src/stm32f4xx_it.o
 .debug_macro   0x0000000000000000       0xdf Core/Src/stm32f4xx_it.o
 .debug_macro   0x0000000000000000     0x102d Core/Src/stm32f4xx_it.o
 .debug_macro   0x0000000000000000      0x11f Core/Src/stm32f4xx_it.o
 .debug_macro   0x0000000000000000    0x15e3c Core/Src/stm32f4xx_it.o
 .debug_macro   0x0000000000000000       0x43 Core/Src/stm32f4xx_it.o
 .debug_macro   0x0000000000000000     0x3659 Core/Src/stm32f4xx_it.o
 .debug_macro   0x0000000000000000      0x174 Core/Src/stm32f4xx_it.o
 .debug_macro   0x0000000000000000       0x5a Core/Src/stm32f4xx_it.o
 .debug_macro   0x0000000000000000      0x96b Core/Src/stm32f4xx_it.o
 .debug_macro   0x0000000000000000      0x9fe Core/Src/stm32f4xx_it.o
 .debug_macro   0x0000000000000000      0x174 Core/Src/stm32f4xx_it.o
 .debug_macro   0x0000000000000000      0x117 Core/Src/stm32f4xx_it.o
 .debug_macro   0x0000000000000000      0x13e Core/Src/stm32f4xx_it.o
 .debug_macro   0x0000000000000000       0x27 Core/Src/stm32f4xx_it.o
 .debug_macro   0x0000000000000000      0x287 Core/Src/stm32f4xx_it.o
 .debug_macro   0x0000000000000000       0x5f Core/Src/stm32f4xx_it.o
 .debug_macro   0x0000000000000000      0x236 Core/Src/stm32f4xx_it.o
 .debug_macro   0x0000000000000000      0x391 Core/Src/stm32f4xx_it.o
 .debug_macro   0x0000000000000000      0x176 Core/Src/stm32f4xx_it.o
 .debug_macro   0x0000000000000000       0xf9 Core/Src/stm32f4xx_it.o
 .debug_macro   0x0000000000000000       0xea Core/Src/stm32f4xx_it.o
 .debug_macro   0x0000000000000000       0xa0 Core/Src/stm32f4xx_it.o
 .debug_macro   0x0000000000000000       0x3c Core/Src/stm32f4xx_it.o
 .debug_macro   0x0000000000000000      0x12c Core/Src/stm32f4xx_it.o
 .debug_macro   0x0000000000000000      0x21e Core/Src/stm32f4xx_it.o
 .debug_macro   0x0000000000000000       0x2e Core/Src/stm32f4xx_it.o
 .debug_macro   0x0000000000000000      0x1b5 Core/Src/stm32f4xx_it.o
 .debug_macro   0x0000000000000000       0xd6 Core/Src/stm32f4xx_it.o
 .debug_macro   0x0000000000000000      0x11a Core/Src/stm32f4xx_it.o
 .debug_macro   0x0000000000000000       0x7e Core/Src/stm32f4xx_it.o
 .debug_macro   0x0000000000000000       0x89 Core/Src/stm32f4xx_it.o
 .debug_macro   0x0000000000000000      0x8a0 Core/Src/stm32f4xx_it.o
 .debug_macro   0x0000000000000000       0x47 Core/Src/stm32f4xx_it.o
 .debug_macro   0x0000000000000000      0x287 Core/Src/stm32f4xx_it.o
 .debug_macro   0x0000000000000000      0x12d Core/Src/stm32f4xx_it.o
 .debug_macro   0x0000000000000000       0x22 Core/Src/stm32f4xx_it.o
 .debug_macro   0x0000000000000000      0x160 Core/Src/stm32f4xx_it.o
 .group         0x0000000000000000        0xc Core/Src/syscalls.o
 .group         0x0000000000000000        0xc Core/Src/syscalls.o
 .group         0x0000000000000000        0xc Core/Src/syscalls.o
 .group         0x0000000000000000        0xc Core/Src/syscalls.o
 .group         0x0000000000000000        0xc Core/Src/syscalls.o
 .group         0x0000000000000000        0xc Core/Src/syscalls.o
 .group         0x0000000000000000        0xc Core/Src/syscalls.o
 .group         0x0000000000000000        0xc Core/Src/syscalls.o
 .group         0x0000000000000000        0xc Core/Src/syscalls.o
 .group         0x0000000000000000        0xc Core/Src/syscalls.o
 .group         0x0000000000000000        0xc Core/Src/syscalls.o
 .group         0x0000000000000000        0xc Core/Src/syscalls.o
 .group         0x0000000000000000        0xc Core/Src/syscalls.o
 .group         0x0000000000000000        0xc Core/Src/syscalls.o
 .group         0x0000000000000000        0xc Core/Src/syscalls.o
 .group         0x0000000000000000        0xc Core/Src/syscalls.o
 .group         0x0000000000000000        0xc Core/Src/syscalls.o
 .group         0x0000000000000000        0xc Core/Src/syscalls.o
 .group         0x0000000000000000        0xc Core/Src/syscalls.o
 .group         0x0000000000000000        0xc Core/Src/syscalls.o
 .group         0x0000000000000000        0xc Core/Src/syscalls.o
 .group         0x0000000000000000        0xc Core/Src/syscalls.o
 .group         0x0000000000000000        0xc Core/Src/syscalls.o
 .group         0x0000000000000000        0xc Core/Src/syscalls.o
 .group         0x0000000000000000        0xc Core/Src/syscalls.o
 .group         0x0000000000000000        0xc Core/Src/syscalls.o
 .group         0x0000000000000000        0xc Core/Src/syscalls.o
 .group         0x0000000000000000        0xc Core/Src/syscalls.o
 .group         0x0000000000000000        0xc Core/Src/syscalls.o
 .group         0x0000000000000000        0xc Core/Src/syscalls.o
 .group         0x0000000000000000        0xc Core/Src/syscalls.o
 .group         0x0000000000000000        0xc Core/Src/syscalls.o
 .group         0x0000000000000000        0xc Core/Src/syscalls.o
 .group         0x0000000000000000        0xc Core/Src/syscalls.o
 .group         0x0000000000000000        0xc Core/Src/syscalls.o
 .group         0x0000000000000000        0xc Core/Src/syscalls.o
 .group         0x0000000000000000        0xc Core/Src/syscalls.o
 .group         0x0000000000000000        0xc Core/Src/syscalls.o
 .group         0x0000000000000000        0xc Core/Src/syscalls.o
 .group         0x0000000000000000        0xc Core/Src/syscalls.o
 .group         0x0000000000000000        0xc Core/Src/syscalls.o
 .group         0x0000000000000000        0xc Core/Src/syscalls.o
 .group         0x0000000000000000        0xc Core/Src/syscalls.o
 .group         0x0000000000000000        0xc Core/Src/syscalls.o
 .text          0x0000000000000000        0x0 Core/Src/syscalls.o
 .data          0x0000000000000000        0x0 Core/Src/syscalls.o
 .bss           0x0000000000000000        0x0 Core/Src/syscalls.o
 .bss.__env     0x0000000000000000        0x4 Core/Src/syscalls.o
 .data.environ  0x0000000000000000        0x4 Core/Src/syscalls.o
 .text.initialise_monitor_handles
                0x0000000000000000        0xe Core/Src/syscalls.o
 .text._getpid  0x0000000000000000       0x10 Core/Src/syscalls.o
 .text._kill    0x0000000000000000       0x20 Core/Src/syscalls.o
 .text._exit    0x0000000000000000       0x14 Core/Src/syscalls.o
 .text._read    0x0000000000000000       0x3a Core/Src/syscalls.o
 .text._write   0x0000000000000000       0x38 Core/Src/syscalls.o
 .text._close   0x0000000000000000       0x18 Core/Src/syscalls.o
 .text._fstat   0x0000000000000000       0x20 Core/Src/syscalls.o
 .text._isatty  0x0000000000000000       0x16 Core/Src/syscalls.o
 .text._lseek   0x0000000000000000       0x1a Core/Src/syscalls.o
 .text._open    0x0000000000000000       0x1c Core/Src/syscalls.o
 .text._wait    0x0000000000000000       0x1e Core/Src/syscalls.o
 .text._unlink  0x0000000000000000       0x1e Core/Src/syscalls.o
 .text._times   0x0000000000000000       0x18 Core/Src/syscalls.o
 .text._stat    0x0000000000000000       0x20 Core/Src/syscalls.o
 .text._link    0x0000000000000000       0x20 Core/Src/syscalls.o
 .text._fork    0x0000000000000000       0x16 Core/Src/syscalls.o
 .text._execve  0x0000000000000000       0x22 Core/Src/syscalls.o
 .debug_info    0x0000000000000000      0xebd Core/Src/syscalls.o
 .debug_abbrev  0x0000000000000000      0x261 Core/Src/syscalls.o
 .debug_aranges
                0x0000000000000000       0xa8 Core/Src/syscalls.o
 .debug_ranges  0x0000000000000000       0x98 Core/Src/syscalls.o
 .debug_macro   0x0000000000000000      0x243 Core/Src/syscalls.o
 .debug_macro   0x0000000000000000      0xa5a Core/Src/syscalls.o
 .debug_macro   0x0000000000000000       0x22 Core/Src/syscalls.o
 .debug_macro   0x0000000000000000       0x40 Core/Src/syscalls.o
 .debug_macro   0x0000000000000000       0x18 Core/Src/syscalls.o
 .debug_macro   0x0000000000000000       0x94 Core/Src/syscalls.o
 .debug_macro   0x0000000000000000       0x3c Core/Src/syscalls.o
 .debug_macro   0x0000000000000000       0x34 Core/Src/syscalls.o
 .debug_macro   0x0000000000000000       0x57 Core/Src/syscalls.o
 .debug_macro   0x0000000000000000      0x174 Core/Src/syscalls.o
 .debug_macro   0x0000000000000000      0x330 Core/Src/syscalls.o
 .debug_macro   0x0000000000000000       0x52 Core/Src/syscalls.o
 .debug_macro   0x0000000000000000       0x1f Core/Src/syscalls.o
 .debug_macro   0x0000000000000000       0x43 Core/Src/syscalls.o
 .debug_macro   0x0000000000000000       0x20 Core/Src/syscalls.o
 .debug_macro   0x0000000000000000      0x1a3 Core/Src/syscalls.o
 .debug_macro   0x0000000000000000       0x10 Core/Src/syscalls.o
 .debug_macro   0x0000000000000000       0x35 Core/Src/syscalls.o
 .debug_macro   0x0000000000000000       0x10 Core/Src/syscalls.o
 .debug_macro   0x0000000000000000       0x10 Core/Src/syscalls.o
 .debug_macro   0x0000000000000000       0x10 Core/Src/syscalls.o
 .debug_macro   0x0000000000000000       0x6a Core/Src/syscalls.o
 .debug_macro   0x0000000000000000       0x1c Core/Src/syscalls.o
 .debug_macro   0x0000000000000000       0x52 Core/Src/syscalls.o
 .debug_macro   0x0000000000000000       0x40 Core/Src/syscalls.o
 .debug_macro   0x0000000000000000       0x10 Core/Src/syscalls.o
 .debug_macro   0x0000000000000000       0x40 Core/Src/syscalls.o
 .debug_macro   0x0000000000000000       0xd7 Core/Src/syscalls.o
 .debug_macro   0x0000000000000000       0x1c Core/Src/syscalls.o
 .debug_macro   0x0000000000000000       0x3d Core/Src/syscalls.o
 .debug_macro   0x0000000000000000       0x35 Core/Src/syscalls.o
 .debug_macro   0x0000000000000000      0x122 Core/Src/syscalls.o
 .debug_macro   0x0000000000000000       0x16 Core/Src/syscalls.o
 .debug_macro   0x0000000000000000       0x16 Core/Src/syscalls.o
 .debug_macro   0x0000000000000000       0x29 Core/Src/syscalls.o
 .debug_macro   0x0000000000000000       0x10 Core/Src/syscalls.o
 .debug_macro   0x0000000000000000      0x241 Core/Src/syscalls.o
 .debug_macro   0x0000000000000000       0x1c Core/Src/syscalls.o
 .debug_macro   0x0000000000000000       0x10 Core/Src/syscalls.o
 .debug_macro   0x0000000000000000       0x10 Core/Src/syscalls.o
 .debug_macro   0x0000000000000000       0x16 Core/Src/syscalls.o
 .debug_macro   0x0000000000000000      0x145 Core/Src/syscalls.o
 .debug_macro   0x0000000000000000      0x189 Core/Src/syscalls.o
 .debug_macro   0x0000000000000000       0x16 Core/Src/syscalls.o
 .debug_macro   0x0000000000000000       0x88 Core/Src/syscalls.o
 .debug_line    0x0000000000000000      0x77e Core/Src/syscalls.o
 .debug_str     0x0000000000000000     0x88bb Core/Src/syscalls.o
 .comment       0x0000000000000000       0x7c Core/Src/syscalls.o
 .debug_frame   0x0000000000000000      0x2ac Core/Src/syscalls.o
 .ARM.attributes
                0x0000000000000000       0x39 Core/Src/syscalls.o
 .group         0x0000000000000000        0xc Core/Src/sysmem.o
 .group         0x0000000000000000        0xc Core/Src/sysmem.o
 .group         0x0000000000000000        0xc Core/Src/sysmem.o
 .group         0x0000000000000000        0xc Core/Src/sysmem.o
 .group         0x0000000000000000        0xc Core/Src/sysmem.o
 .group         0x0000000000000000        0xc Core/Src/sysmem.o
 .group         0x0000000000000000        0xc Core/Src/sysmem.o
 .group         0x0000000000000000        0xc Core/Src/sysmem.o
 .group         0x0000000000000000        0xc Core/Src/sysmem.o
 .group         0x0000000000000000        0xc Core/Src/sysmem.o
 .group         0x0000000000000000        0xc Core/Src/sysmem.o
 .group         0x0000000000000000        0xc Core/Src/sysmem.o
 .group         0x0000000000000000        0xc Core/Src/sysmem.o
 .group         0x0000000000000000        0xc Core/Src/sysmem.o
 .group         0x0000000000000000        0xc Core/Src/sysmem.o
 .group         0x0000000000000000        0xc Core/Src/sysmem.o
 .group         0x0000000000000000        0xc Core/Src/sysmem.o
 .group         0x0000000000000000        0xc Core/Src/sysmem.o
 .group         0x0000000000000000        0xc Core/Src/sysmem.o
 .group         0x0000000000000000        0xc Core/Src/sysmem.o
 .group         0x0000000000000000        0xc Core/Src/sysmem.o
 .group         0x0000000000000000        0xc Core/Src/sysmem.o
 .group         0x0000000000000000        0xc Core/Src/sysmem.o
 .group         0x0000000000000000        0xc Core/Src/sysmem.o
 .group         0x0000000000000000        0xc Core/Src/sysmem.o
 .group         0x0000000000000000        0xc Core/Src/sysmem.o
 .group         0x0000000000000000        0xc Core/Src/sysmem.o
 .group         0x0000000000000000        0xc Core/Src/sysmem.o
 .group         0x0000000000000000        0xc Core/Src/sysmem.o
 .group         0x0000000000000000        0xc Core/Src/sysmem.o
 .group         0x0000000000000000        0xc Core/Src/sysmem.o
 .group         0x0000000000000000        0xc Core/Src/sysmem.o
 .text          0x0000000000000000        0x0 Core/Src/sysmem.o
 .data          0x0000000000000000        0x0 Core/Src/sysmem.o
 .bss           0x0000000000000000        0x0 Core/Src/sysmem.o
 .bss.heap_end.6424
                0x0000000000000000        0x4 Core/Src/sysmem.o
 .text._sbrk    0x0000000000000000       0x58 Core/Src/sysmem.o
 .debug_info    0x0000000000000000      0x91c Core/Src/sysmem.o
 .debug_abbrev  0x0000000000000000      0x1bb Core/Src/sysmem.o
 .debug_aranges
                0x0000000000000000       0x20 Core/Src/sysmem.o
 .debug_ranges  0x0000000000000000       0x10 Core/Src/sysmem.o
 .debug_macro   0x0000000000000000      0x1ae Core/Src/sysmem.o
 .debug_macro   0x0000000000000000      0xa5a Core/Src/sysmem.o
 .debug_macro   0x0000000000000000       0x10 Core/Src/sysmem.o
 .debug_macro   0x0000000000000000       0x22 Core/Src/sysmem.o
 .debug_macro   0x0000000000000000       0x40 Core/Src/sysmem.o
 .debug_macro   0x0000000000000000       0x18 Core/Src/sysmem.o
 .debug_macro   0x0000000000000000       0x94 Core/Src/sysmem.o
 .debug_macro   0x0000000000000000       0x3c Core/Src/sysmem.o
 .debug_macro   0x0000000000000000       0x34 Core/Src/sysmem.o
 .debug_macro   0x0000000000000000      0x174 Core/Src/sysmem.o
 .debug_macro   0x0000000000000000       0x57 Core/Src/sysmem.o
 .debug_macro   0x0000000000000000       0x52 Core/Src/sysmem.o
 .debug_macro   0x0000000000000000       0x1f Core/Src/sysmem.o
 .debug_macro   0x0000000000000000       0x43 Core/Src/sysmem.o
 .debug_macro   0x0000000000000000       0x20 Core/Src/sysmem.o
 .debug_macro   0x0000000000000000      0x1a3 Core/Src/sysmem.o
 .debug_macro   0x0000000000000000      0x23b Core/Src/sysmem.o
 .debug_macro   0x0000000000000000       0x16 Core/Src/sysmem.o
 .debug_macro   0x0000000000000000       0x35 Core/Src/sysmem.o
 .debug_macro   0x0000000000000000      0x330 Core/Src/sysmem.o
 .debug_macro   0x0000000000000000       0x10 Core/Src/sysmem.o
 .debug_macro   0x0000000000000000       0x10 Core/Src/sysmem.o
 .debug_macro   0x0000000000000000       0x6a Core/Src/sysmem.o
 .debug_macro   0x0000000000000000       0x1c Core/Src/sysmem.o
 .debug_macro   0x0000000000000000       0x52 Core/Src/sysmem.o
 .debug_macro   0x0000000000000000       0x40 Core/Src/sysmem.o
 .debug_macro   0x0000000000000000       0x10 Core/Src/sysmem.o
 .debug_macro   0x0000000000000000       0x40 Core/Src/sysmem.o
 .debug_macro   0x0000000000000000       0xd7 Core/Src/sysmem.o
 .debug_macro   0x0000000000000000       0x1c Core/Src/sysmem.o
 .debug_macro   0x0000000000000000       0x3d Core/Src/sysmem.o
 .debug_macro   0x0000000000000000       0x16 Core/Src/sysmem.o
 .debug_macro   0x0000000000000000      0x145 Core/Src/sysmem.o
 .debug_line    0x0000000000000000      0x59a Core/Src/sysmem.o
 .debug_str     0x0000000000000000     0x7b14 Core/Src/sysmem.o
 .comment       0x0000000000000000       0x7c Core/Src/sysmem.o
 .debug_frame   0x0000000000000000       0x34 Core/Src/sysmem.o
 .ARM.attributes
                0x0000000000000000       0x39 Core/Src/sysmem.o
 .group         0x0000000000000000        0xc Core/Src/system_stm32f4xx.o
 .group         0x0000000000000000        0xc Core/Src/system_stm32f4xx.o
 .group         0x0000000000000000        0xc Core/Src/system_stm32f4xx.o
 .group         0x0000000000000000        0xc Core/Src/system_stm32f4xx.o
 .group         0x0000000000000000        0xc Core/Src/system_stm32f4xx.o
 .group         0x0000000000000000        0xc Core/Src/system_stm32f4xx.o
 .group         0x0000000000000000        0xc Core/Src/system_stm32f4xx.o
 .group         0x0000000000000000        0xc Core/Src/system_stm32f4xx.o
 .group         0x0000000000000000        0xc Core/Src/system_stm32f4xx.o
 .group         0x0000000000000000        0xc Core/Src/system_stm32f4xx.o
 .group         0x0000000000000000        0xc Core/Src/system_stm32f4xx.o
 .group         0x0000000000000000        0xc Core/Src/system_stm32f4xx.o
 .group         0x0000000000000000        0xc Core/Src/system_stm32f4xx.o
 .group         0x0000000000000000        0xc Core/Src/system_stm32f4xx.o
 .group         0x0000000000000000        0xc Core/Src/system_stm32f4xx.o
 .group         0x0000000000000000        0xc Core/Src/system_stm32f4xx.o
 .group         0x0000000000000000        0xc Core/Src/system_stm32f4xx.o
 .group         0x0000000000000000        0xc Core/Src/system_stm32f4xx.o
 .group         0x0000000000000000        0xc Core/Src/system_stm32f4xx.o
 .group         0x0000000000000000        0xc Core/Src/system_stm32f4xx.o
 .group         0x0000000000000000        0xc Core/Src/system_stm32f4xx.o
 .group         0x0000000000000000        0xc Core/Src/system_stm32f4xx.o
 .group         0x0000000000000000        0xc Core/Src/system_stm32f4xx.o
 .group         0x0000000000000000        0xc Core/Src/system_stm32f4xx.o
 .group         0x0000000000000000        0xc Core/Src/system_stm32f4xx.o
 .group         0x0000000000000000        0xc Core/Src/system_stm32f4xx.o
 .group         0x0000000000000000        0xc Core/Src/system_stm32f4xx.o
 .group         0x0000000000000000        0xc Core/Src/system_stm32f4xx.o
 .group         0x0000000000000000        0xc Core/Src/system_stm32f4xx.o
 .group         0x0000000000000000        0xc Core/Src/system_stm32f4xx.o
 .group         0x0000000000000000        0xc Core/Src/system_stm32f4xx.o
 .group         0x0000000000000000        0xc Core/Src/system_stm32f4xx.o
 .group         0x0000000000000000        0xc Core/Src/system_stm32f4xx.o
 .group         0x0000000000000000        0xc Core/Src/system_stm32f4xx.o
 .group         0x0000000000000000        0xc Core/Src/system_stm32f4xx.o
 .group         0x0000000000000000        0xc Core/Src/system_stm32f4xx.o
 .group         0x0000000000000000        0xc Core/Src/system_stm32f4xx.o
 .group         0x0000000000000000        0xc Core/Src/system_stm32f4xx.o
 .group         0x0000000000000000        0xc Core/Src/system_stm32f4xx.o
 .group         0x0000000000000000        0xc Core/Src/system_stm32f4xx.o
 .group         0x0000000000000000        0xc Core/Src/system_stm32f4xx.o
 .group         0x0000000000000000        0xc Core/Src/system_stm32f4xx.o
 .group         0x0000000000000000        0xc Core/Src/system_stm32f4xx.o
 .group         0x0000000000000000        0xc Core/Src/system_stm32f4xx.o
 .group         0x0000000000000000        0xc Core/Src/system_stm32f4xx.o
 .group         0x0000000000000000        0xc Core/Src/system_stm32f4xx.o
 .group         0x0000000000000000        0xc Core/Src/system_stm32f4xx.o
 .text          0x0000000000000000        0x0 Core/Src/system_stm32f4xx.o
 .data          0x0000000000000000        0x0 Core/Src/system_stm32f4xx.o
 .bss           0x0000000000000000        0x0 Core/Src/system_stm32f4xx.o
 .data.SystemCoreClock
                0x0000000000000000        0x4 Core/Src/system_stm32f4xx.o
 .rodata.AHBPrescTable
                0x0000000000000000       0x10 Core/Src/system_stm32f4xx.o
 .rodata.APBPrescTable
                0x0000000000000000        0x8 Core/Src/system_stm32f4xx.o
 .text.SystemCoreClockUpdate
                0x0000000000000000       0xf4 Core/Src/system_stm32f4xx.o
 .debug_macro   0x0000000000000000      0xa5a Core/Src/system_stm32f4xx.o
 .debug_macro   0x0000000000000000       0x2e Core/Src/system_stm32f4xx.o
 .debug_macro   0x0000000000000000       0x2f Core/Src/system_stm32f4xx.o
 .debug_macro   0x0000000000000000       0x22 Core/Src/system_stm32f4xx.o
 .debug_macro   0x0000000000000000       0x8e Core/Src/system_stm32f4xx.o
 .debug_macro   0x0000000000000000       0x51 Core/Src/system_stm32f4xx.o
 .debug_macro   0x0000000000000000       0xef Core/Src/system_stm32f4xx.o
 .debug_macro   0x0000000000000000       0x6a Core/Src/system_stm32f4xx.o
 .debug_macro   0x0000000000000000      0x1df Core/Src/system_stm32f4xx.o
 .debug_macro   0x0000000000000000       0x1c Core/Src/system_stm32f4xx.o
 .debug_macro   0x0000000000000000       0x22 Core/Src/system_stm32f4xx.o
 .debug_macro   0x0000000000000000       0xdf Core/Src/system_stm32f4xx.o
 .debug_macro   0x0000000000000000     0x102d Core/Src/system_stm32f4xx.o
 .debug_macro   0x0000000000000000      0x11f Core/Src/system_stm32f4xx.o
 .debug_macro   0x0000000000000000    0x15e3c Core/Src/system_stm32f4xx.o
 .debug_macro   0x0000000000000000       0x43 Core/Src/system_stm32f4xx.o
 .debug_macro   0x0000000000000000      0x19c Core/Src/system_stm32f4xx.o
 .debug_macro   0x0000000000000000     0x3659 Core/Src/system_stm32f4xx.o
 .debug_macro   0x0000000000000000      0x174 Core/Src/system_stm32f4xx.o
 .debug_macro   0x0000000000000000       0x5a Core/Src/system_stm32f4xx.o
 .debug_macro   0x0000000000000000      0x96b Core/Src/system_stm32f4xx.o
 .debug_macro   0x0000000000000000      0x9fe Core/Src/system_stm32f4xx.o
 .debug_macro   0x0000000000000000      0x174 Core/Src/system_stm32f4xx.o
 .debug_macro   0x0000000000000000      0x117 Core/Src/system_stm32f4xx.o
 .debug_macro   0x0000000000000000      0x13e Core/Src/system_stm32f4xx.o
 .debug_macro   0x0000000000000000       0x27 Core/Src/system_stm32f4xx.o
 .debug_macro   0x0000000000000000      0x287 Core/Src/system_stm32f4xx.o
 .debug_macro   0x0000000000000000       0x5f Core/Src/system_stm32f4xx.o
 .debug_macro   0x0000000000000000      0x236 Core/Src/system_stm32f4xx.o
 .debug_macro   0x0000000000000000      0x391 Core/Src/system_stm32f4xx.o
 .debug_macro   0x0000000000000000      0x176 Core/Src/system_stm32f4xx.o
 .debug_macro   0x0000000000000000       0xf9 Core/Src/system_stm32f4xx.o
 .debug_macro   0x0000000000000000       0xea Core/Src/system_stm32f4xx.o
 .debug_macro   0x0000000000000000       0xa0 Core/Src/system_stm32f4xx.o
 .debug_macro   0x0000000000000000       0x3c Core/Src/system_stm32f4xx.o
 .debug_macro   0x0000000000000000      0x12c Core/Src/system_stm32f4xx.o
 .debug_macro   0x0000000000000000      0x21e Core/Src/system_stm32f4xx.o
 .debug_macro   0x0000000000000000       0x2e Core/Src/system_stm32f4xx.o
 .debug_macro   0x0000000000000000      0x1b5 Core/Src/system_stm32f4xx.o
 .debug_macro   0x0000000000000000       0xd6 Core/Src/system_stm32f4xx.o
 .debug_macro   0x0000000000000000      0x11a Core/Src/system_stm32f4xx.o
 .debug_macro   0x0000000000000000       0x7e Core/Src/system_stm32f4xx.o
 .debug_macro   0x0000000000000000       0x89 Core/Src/system_stm32f4xx.o
 .debug_macro   0x0000000000000000      0x8a0 Core/Src/system_stm32f4xx.o
 .debug_macro   0x0000000000000000       0x47 Core/Src/system_stm32f4xx.o
 .debug_macro   0x0000000000000000      0x287 Core/Src/system_stm32f4xx.o
 .debug_macro   0x0000000000000000      0x12d Core/Src/system_stm32f4xx.o
 .text          0x0000000000000000       0x14 Core/Startup/startup_stm32f407vgtx.o
 .data          0x0000000000000000        0x0 Core/Startup/startup_stm32f407vgtx.o
 .bss           0x0000000000000000        0x0 Core/Startup/startup_stm32f407vgtx.o
 .text          0x0000000000000000        0x0 /Applications/STM32CubeIDE.app/Contents/Eclipse/plugins/com.st.stm32cube.ide.mcu.externaltools.gnu-tools-for-stm32.7-2018-q2-update.macos64_1.0.0.201904181610/tools/bin/../lib/gcc/arm-none-eabi/7.3.1/../../../../arm-none-eabi/lib/thumb/v7e-m/fpv4-sp/hard/libc_nano.a(lib_a-errno.o)
 .data          0x0000000000000000        0x0 /Applications/STM32CubeIDE.app/Contents/Eclipse/plugins/com.st.stm32cube.ide.mcu.externaltools.gnu-tools-for-stm32.7-2018-q2-update.macos64_1.0.0.201904181610/tools/bin/../lib/gcc/arm-none-eabi/7.3.1/../../../../arm-none-eabi/lib/thumb/v7e-m/fpv4-sp/hard/libc_nano.a(lib_a-errno.o)
 .bss           0x0000000000000000        0x0 /Applications/STM32CubeIDE.app/Contents/Eclipse/plugins/com.st.stm32cube.ide.mcu.externaltools.gnu-tools-for-stm32.7-2018-q2-update.macos64_1.0.0.201904181610/tools/bin/../lib/gcc/arm-none-eabi/7.3.1/../../../../arm-none-eabi/lib/thumb/v7e-m/fpv4-sp/hard/libc_nano.a(lib_a-errno.o)
 .text.__errno  0x0000000000000000        0xc /Applications/STM32CubeIDE.app/Contents/Eclipse/plugins/com.st.stm32cube.ide.mcu.externaltools.gnu-tools-for-stm32.7-2018-q2-update.macos64_1.0.0.201904181610/tools/bin/../lib/gcc/arm-none-eabi/7.3.1/../../../../arm-none-eabi/lib/thumb/v7e-m/fpv4-sp/hard/libc_nano.a(lib_a-errno.o)
 .debug_frame   0x0000000000000000       0x20 /Applications/STM32CubeIDE.app/Contents/Eclipse/plugins/com.st.stm32cube.ide.mcu.externaltools.gnu-tools-for-stm32.7-2018-q2-update.macos64_1.0.0.201904181610/tools/bin/../lib/gcc/arm-none-eabi/7.3.1/../../../../arm-none-eabi/lib/thumb/v7e-m/fpv4-sp/hard/libc_nano.a(lib_a-errno.o)
 .ARM.attributes
                0x0000000000000000       0x34 /Applications/STM32CubeIDE.app/Contents/Eclipse/plugins/com.st.stm32cube.ide.mcu.externaltools.gnu-tools-for-stm32.7-2018-q2-update.macos64_1.0.0.201904181610/tools/bin/../lib/gcc/arm-none-eabi/7.3.1/../../../../arm-none-eabi/lib/thumb/v7e-m/fpv4-sp/hard/libc_nano.a(lib_a-errno.o)
 .text          0x0000000000000000        0x0 /Applications/STM32CubeIDE.app/Contents/Eclipse/plugins/com.st.stm32cube.ide.mcu.externaltools.gnu-tools-for-stm32.7-2018-q2-update.macos64_1.0.0.201904181610/tools/bin/../lib/gcc/arm-none-eabi/7.3.1/../../../../arm-none-eabi/lib/thumb/v7e-m/fpv4-sp/hard/libc_nano.a(lib_a-exit.o)
 .data          0x0000000000000000        0x0 /Applications/STM32CubeIDE.app/Contents/Eclipse/plugins/com.st.stm32cube.ide.mcu.externaltools.gnu-tools-for-stm32.7-2018-q2-update.macos64_1.0.0.201904181610/tools/bin/../lib/gcc/arm-none-eabi/7.3.1/../../../../arm-none-eabi/lib/thumb/v7e-m/fpv4-sp/hard/libc_nano.a(lib_a-exit.o)
 .bss           0x0000000000000000        0x0 /Applications/STM32CubeIDE.app/Contents/Eclipse/plugins/com.st.stm32cube.ide.mcu.externaltools.gnu-tools-for-stm32.7-2018-q2-update.macos64_1.0.0.201904181610/tools/bin/../lib/gcc/arm-none-eabi/7.3.1/../../../../arm-none-eabi/lib/thumb/v7e-m/fpv4-sp/hard/libc_nano.a(lib_a-exit.o)
 .text.exit     0x0000000000000000       0x28 /Applications/STM32CubeIDE.app/Contents/Eclipse/plugins/com.st.stm32cube.ide.mcu.externaltools.gnu-tools-for-stm32.7-2018-q2-update.macos64_1.0.0.201904181610/tools/bin/../lib/gcc/arm-none-eabi/7.3.1/../../../../arm-none-eabi/lib/thumb/v7e-m/fpv4-sp/hard/libc_nano.a(lib_a-exit.o)
 .debug_frame   0x0000000000000000       0x28 /Applications/STM32CubeIDE.app/Contents/Eclipse/plugins/com.st.stm32cube.ide.mcu.externaltools.gnu-tools-for-stm32.7-2018-q2-update.macos64_1.0.0.201904181610/tools/bin/../lib/gcc/arm-none-eabi/7.3.1/../../../../arm-none-eabi/lib/thumb/v7e-m/fpv4-sp/hard/libc_nano.a(lib_a-exit.o)
 .ARM.attributes
                0x0000000000000000       0x34 /Applications/STM32CubeIDE.app/Contents/Eclipse/plugins/com.st.stm32cube.ide.mcu.externaltools.gnu-tools-for-stm32.7-2018-q2-update.macos64_1.0.0.201904181610/tools/bin/../lib/gcc/arm-none-eabi/7.3.1/../../../../arm-none-eabi/lib/thumb/v7e-m/fpv4-sp/hard/libc_nano.a(lib_a-exit.o)
 .text          0x0000000000000000        0x0 /Applications/STM32CubeIDE.app/Contents/Eclipse/plugins/com.st.stm32cube.ide.mcu.externaltools.gnu-tools-for-stm32.7-2018-q2-update.macos64_1.0.0.201904181610/tools/bin/../lib/gcc/arm-none-eabi/7.3.1/../../../../arm-none-eabi/lib/thumb/v7e-m/fpv4-sp/hard/libc_nano.a(lib_a-impure.o)
 .data          0x0000000000000000        0x0 /Applications/STM32CubeIDE.app/Contents/Eclipse/plugins/com.st.stm32cube.ide.mcu.externaltools.gnu-tools-for-stm32.7-2018-q2-update.macos64_1.0.0.201904181610/tools/bin/../lib/gcc/arm-none-eabi/7.3.1/../../../../arm-none-eabi/lib/thumb/v7e-m/fpv4-sp/hard/libc_nano.a(lib_a-impure.o)
 .bss           0x0000000000000000        0x0 /Applications/STM32CubeIDE.app/Contents/Eclipse/plugins/com.st.stm32cube.ide.mcu.externaltools.gnu-tools-for-stm32.7-2018-q2-update.macos64_1.0.0.201904181610/tools/bin/../lib/gcc/arm-none-eabi/7.3.1/../../../../arm-none-eabi/lib/thumb/v7e-m/fpv4-sp/hard/libc_nano.a(lib_a-impure.o)
 .data._impure_ptr
                0x0000000000000000        0x4 /Applications/STM32CubeIDE.app/Contents/Eclipse/plugins/com.st.stm32cube.ide.mcu.externaltools.gnu-tools-for-stm32.7-2018-q2-update.macos64_1.0.0.201904181610/tools/bin/../lib/gcc/arm-none-eabi/7.3.1/../../../../arm-none-eabi/lib/thumb/v7e-m/fpv4-sp/hard/libc_nano.a(lib_a-impure.o)
 .data.impure_data
                0x0000000000000000       0x60 /Applications/STM32CubeIDE.app/Contents/Eclipse/plugins/com.st.stm32cube.ide.mcu.externaltools.gnu-tools-for-stm32.7-2018-q2-update.macos64_1.0.0.201904181610/tools/bin/../lib/gcc/arm-none-eabi/7.3.1/../../../../arm-none-eabi/lib/thumb/v7e-m/fpv4-sp/hard/libc_nano.a(lib_a-impure.o)
 .rodata._global_impure_ptr
                0x0000000000000000        0x4 /Applications/STM32CubeIDE.app/Contents/Eclipse/plugins/com.st.stm32cube.ide.mcu.externaltools.gnu-tools-for-stm32.7-2018-q2-update.macos64_1.0.0.201904181610/tools/bin/../lib/gcc/arm-none-eabi/7.3.1/../../../../arm-none-eabi/lib/thumb/v7e-m/fpv4-sp/hard/libc_nano.a(lib_a-impure.o)
 .ARM.attributes
                0x0000000000000000       0x34 /Applications/STM32CubeIDE.app/Contents/Eclipse/plugins/com.st.stm32cube.ide.mcu.externaltools.gnu-tools-for-stm32.7-2018-q2-update.macos64_1.0.0.201904181610/tools/bin/../lib/gcc/arm-none-eabi/7.3.1/../../../../arm-none-eabi/lib/thumb/v7e-m/fpv4-sp/hard/libc_nano.a(lib_a-impure.o)
 .text          0x0000000000000000        0x0 /Applications/STM32CubeIDE.app/Contents/Eclipse/plugins/com.st.stm32cube.ide.mcu.externaltools.gnu-tools-for-stm32.7-2018-q2-update.macos64_1.0.0.201904181610/tools/bin/../lib/gcc/arm-none-eabi/7.3.1/../../../../arm-none-eabi/lib/thumb/v7e-m/fpv4-sp/hard/libc_nano.a(lib_a-init.o)
 .data          0x0000000000000000        0x0 /Applications/STM32CubeIDE.app/Contents/Eclipse/plugins/com.st.stm32cube.ide.mcu.externaltools.gnu-tools-for-stm32.7-2018-q2-update.macos64_1.0.0.201904181610/tools/bin/../lib/gcc/arm-none-eabi/7.3.1/../../../../arm-none-eabi/lib/thumb/v7e-m/fpv4-sp/hard/libc_nano.a(lib_a-init.o)
 .bss           0x0000000000000000        0x0 /Applications/STM32CubeIDE.app/Contents/Eclipse/plugins/com.st.stm32cube.ide.mcu.externaltools.gnu-tools-for-stm32.7-2018-q2-update.macos64_1.0.0.201904181610/tools/bin/../lib/gcc/arm-none-eabi/7.3.1/../../../../arm-none-eabi/lib/thumb/v7e-m/fpv4-sp/hard/libc_nano.a(lib_a-init.o)
 .text          0x0000000000000000        0x0 /Applications/STM32CubeIDE.app/Contents/Eclipse/plugins/com.st.stm32cube.ide.mcu.externaltools.gnu-tools-for-stm32.7-2018-q2-update.macos64_1.0.0.201904181610/tools/bin/../lib/gcc/arm-none-eabi/7.3.1/../../../../arm-none-eabi/lib/thumb/v7e-m/fpv4-sp/hard/libc_nano.a(lib_a-memset.o)
 .data          0x0000000000000000        0x0 /Applications/STM32CubeIDE.app/Contents/Eclipse/plugins/com.st.stm32cube.ide.mcu.externaltools.gnu-tools-for-stm32.7-2018-q2-update.macos64_1.0.0.201904181610/tools/bin/../lib/gcc/arm-none-eabi/7.3.1/../../../../arm-none-eabi/lib/thumb/v7e-m/fpv4-sp/hard/libc_nano.a(lib_a-memset.o)
 .bss           0x0000000000000000        0x0 /Applications/STM32CubeIDE.app/Contents/Eclipse/plugins/com.st.stm32cube.ide.mcu.externaltools.gnu-tools-for-stm32.7-2018-q2-update.macos64_1.0.0.201904181610/tools/bin/../lib/gcc/arm-none-eabi/7.3.1/../../../../arm-none-eabi/lib/thumb/v7e-m/fpv4-sp/hard/libc_nano.a(lib_a-memset.o)
 .text          0x0000000000000000        0x0 /Applications/STM32CubeIDE.app/Contents/Eclipse/plugins/com.st.stm32cube.ide.mcu.externaltools.gnu-tools-for-stm32.7-2018-q2-update.macos64_1.0.0.201904181610/tools/bin/../lib/gcc/arm-none-eabi/7.3.1/thumb/v7e-m/fpv4-sp/hard/crtend.o
 .data          0x0000000000000000        0x0 /Applications/STM32CubeIDE.app/Contents/Eclipse/plugins/com.st.stm32cube.ide.mcu.externaltools.gnu-tools-for-stm32.7-2018-q2-update.macos64_1.0.0.201904181610/tools/bin/../lib/gcc/arm-none-eabi/7.3.1/thumb/v7e-m/fpv4-sp/hard/crtend.o
 .bss           0x0000000000000000        0x0 /Applications/STM32CubeIDE.app/Contents/Eclipse/plugins/com.st.stm32cube.ide.mcu.externaltools.gnu-tools-for-stm32.7-2018-q2-update.macos64_1.0.0.201904181610/tools/bin/../lib/gcc/arm-none-eabi/7.3.1/thumb/v7e-m/fpv4-sp/hard/crtend.o
 .eh_frame      0x0000000000000000        0x4 /Applications/STM32CubeIDE.app/Contents/Eclipse/plugins/com.st.stm32cube.ide.mcu.externaltools.gnu-tools-for-stm32.7-2018-q2-update.macos64_1.0.0.201904181610/tools/bin/../lib/gcc/arm-none-eabi/7.3.1/thumb/v7e-m/fpv4-sp/hard/crtend.o
 .ARM.attributes
                0x0000000000000000       0x34 /Applications/STM32CubeIDE.app/Contents/Eclipse/plugins/com.st.stm32cube.ide.mcu.externaltools.gnu-tools-for-stm32.7-2018-q2-update.macos64_1.0.0.201904181610/tools/bin/../lib/gcc/arm-none-eabi/7.3.1/thumb/v7e-m/fpv4-sp/hard/crtend.o
 .text          0x0000000000000000        0x0 /Applications/STM32CubeIDE.app/Contents/Eclipse/plugins/com.st.stm32cube.ide.mcu.externaltools.gnu-tools-for-stm32.7-2018-q2-update.macos64_1.0.0.201904181610/tools/bin/../lib/gcc/arm-none-eabi/7.3.1/thumb/v7e-m/fpv4-sp/hard/crtn.o
 .data          0x0000000000000000        0x0 /Applications/STM32CubeIDE.app/Contents/Eclipse/plugins/com.st.stm32cube.ide.mcu.externaltools.gnu-tools-for-stm32.7-2018-q2-update.macos64_1.0.0.201904181610/tools/bin/../lib/gcc/arm-none-eabi/7.3.1/thumb/v7e-m/fpv4-sp/hard/crtn.o
 .bss           0x0000000000000000        0x0 /Applications/STM32CubeIDE.app/Contents/Eclipse/plugins/com.st.stm32cube.ide.mcu.externaltools.gnu-tools-for-stm32.7-2018-q2-update.macos64_1.0.0.201904181610/tools/bin/../lib/gcc/arm-none-eabi/7.3.1/thumb/v7e-m/fpv4-sp/hard/crtn.o

Memory Configuration

Name             Origin             Length             Attributes
CCMRAM           0x0000000010000000 0x0000000000010000 xrw
RAM              0x0000000020000000 0x0000000000020000 xrw
FLASH            0x0000000008000000 0x0000000000100000 xr
*default*        0x0000000000000000 0xffffffffffffffff

Linker script and memory map

LOAD /Applications/STM32CubeIDE.app/Contents/Eclipse/plugins/com.st.stm32cube.ide.mcu.externaltools.gnu-tools-for-stm32.7-2018-q2-update.macos64_1.0.0.201904181610/tools/bin/../lib/gcc/arm-none-eabi/7.3.1/thumb/v7e-m/fpv4-sp/hard/crti.o
LOAD /Applications/STM32CubeIDE.app/Contents/Eclipse/plugins/com.st.stm32cube.ide.mcu.externaltools.gnu-tools-for-stm32.7-2018-q2-update.macos64_1.0.0.201904181610/tools/bin/../lib/gcc/arm-none-eabi/7.3.1/thumb/v7e-m/fpv4-sp/hard/crtbegin.o
LOAD /Applications/STM32CubeIDE.app/Contents/Eclipse/plugins/com.st.stm32cube.ide.mcu.externaltools.gnu-tools-for-stm32.7-2018-q2-update.macos64_1.0.0.201904181610/tools/bin/../lib/gcc/arm-none-eabi/7.3.1/../../../../arm-none-eabi/lib/thumb/v7e-m/fpv4-sp/hard/crt0.o
LOAD Core/Src/main.o
LOAD Core/Src/stm32f4xx_hal_msp.o
LOAD Core/Src/stm32f4xx_it.o
LOAD Core/Src/syscalls.o
LOAD Core/Src/sysmem.o
LOAD Core/Src/system_stm32f4xx.o
LOAD Core/Startup/startup_stm32f407vgtx.o
START GROUP
LOAD /Applications/STM32CubeIDE.app/Contents/Eclipse/plugins/com.st.stm32cube.ide.mcu.externaltools.gnu-tools-for-stm32.7-2018-q2-update.macos64_1.0.0.201904181610/tools/bin/../lib/gcc/arm-none-eabi/7.3.1/../../../../arm-none-eabi/lib/thumb/v7e-m/fpv4-sp/hard/libc_nano.a
LOAD /Applications/STM32CubeIDE.app/Contents/Eclipse/plugins/com.st.stm32cube.ide.mcu.externaltools.gnu-tools-for-stm32.7-2018-q2-update.macos64_1.0.0.201904181610/tools/bin/../lib/gcc/arm-none-eabi/7.3.1/../../../../arm-none-eabi/lib/thumb/v7e-m/fpv4-sp/hard/libm.a
END GROUP
START GROUP
LOAD /Applications/STM32CubeIDE.app/Contents/Eclipse/plugins/com.st.stm32cube.ide.mcu.externaltools.gnu-tools-for-stm32.7-2018-q2-update.macos64_1.0.0.201904181610/tools/bin/../lib/gcc/arm-none-eabi/7.3.1/thumb/v7e-m/fpv4-sp/hard/libgcc.a
LOAD /Applications/STM32CubeIDE.app/Contents/Eclipse/plugins/com.st.stm32cube.ide.mcu.externaltools.gnu-tools-for-stm32.7-2018-q2-update.macos64_1.0.0.201904181610/tools/bin/../lib/gcc/arm-none-eabi/7.3.1/../../../../arm-none-eabi/lib/thumb/v7e-m/fpv4-sp/hard/libc_nano.a
END GROUP
START GROUP
LOAD /Applications/STM32CubeIDE.app/Contents/Eclipse/plugins/com.st.stm32cube.ide.mcu.externaltools.gnu-tools-for-stm32.7-2018-q2-update.macos64_1.0.0.201904181610/tools/bin/../lib/gcc/arm-none-eabi/7.3.1/thumb/v7e-m/fpv4-sp/hard/libgcc.a
LOAD /Applications/STM32CubeIDE.app/Contents/Eclipse/plugins/com.st.stm32cube.ide.mcu.externaltools.gnu-tools-for-stm32.7-2018-q2-update.macos64_1.0.0.201904181610/tools/bin/../lib/gcc/arm-none-eabi/7.3.1/../../../../arm-none-eabi/lib/thumb/v7e-m/fpv4-sp/hard/libc_nano.a
LOAD /Applications/STM32CubeIDE.app/Contents/Eclipse/plugins/com.st.stm32cube.ide.mcu.externaltools.gnu-tools-for-stm32.7-2018-q2-update.macos64_1.0.0.201904181610/tools/bin/../lib/gcc/arm-none-eabi/7.3.1/../../../../arm-none-eabi/lib/thumb/v7e-m/fpv4-sp/hard/libnosys.a
END GROUP
START GROUP
LOAD /Applications/STM32CubeIDE.app/Contents/Eclipse/plugins/com.st.stm32cube.ide.mcu.externaltools.gnu-tools-for-stm32.7-2018-q2-update.macos64_1.0.0.201904181610/tools/bin/../lib/gcc/arm-none-eabi/7.3.1/thumb/v7e-m/fpv4-sp/hard/libgcc.a
LOAD /Applications/STM32CubeIDE.app/Contents/Eclipse/plugins/com.st.stm32cube.ide.mcu.externaltools.gnu-tools-for-stm32.7-2018-q2-update.macos64_1.0.0.201904181610/tools/bin/../lib/gcc/arm-none-eabi/7.3.1/../../../../arm-none-eabi/lib/thumb/v7e-m/fpv4-sp/hard/libc_nano.a
LOAD /Applications/STM32CubeIDE.app/Contents/Eclipse/plugins/com.st.stm32cube.ide.mcu.externaltools.gnu-tools-for-stm32.7-2018-q2-update.macos64_1.0.0.201904181610/tools/bin/../lib/gcc/arm-none-eabi/7.3.1/../../../../arm-none-eabi/lib/thumb/v7e-m/fpv4-sp/hard/libnosys.a
END GROUP
LOAD /Applications/STM32CubeIDE.app/Contents/Eclipse/plugins/com.st.stm32cube.ide.mcu.externaltools.gnu-tools-for-stm32.7-2018-q2-update.macos64_1.0.0.201904181610/tools/bin/../lib/gcc/arm-none-eabi/7.3.1/thumb/v7e-m/fpv4-sp/hard/crtend.o
LOAD /Applications/STM32CubeIDE.app/Contents/Eclipse/plugins/com.st.stm32cube.ide.mcu.externaltools.gnu-tools-for-stm32.7-2018-q2-update.macos64_1.0.0.201904181610/tools/bin/../lib/gcc/arm-none-eabi/7.3.1/thumb/v7e-m/fpv4-sp/hard/crtn.o
                0x0000000020020000                _estack = (ORIGIN (RAM) + LENGTH (RAM))
                0x0000000000000200                _Min_Heap_Size = 0x200
                0x0000000000000400                _Min_Stack_Size = 0x400

.isr_vector     0x0000000008000000      0x188
                0x0000000008000000                . = ALIGN (0x4)
 *(.isr_vector)
 .isr_vector    0x0000000008000000      0x188 Core/Startup/startup_stm32f407vgtx.o
                0x0000000008000000                g_pfnVectors
                0x0000000008000188                . = ALIGN (0x4)

.text           0x0000000008000188     0x111c
                0x0000000008000188                . = ALIGN (0x4)
 *(.text)
 .text          0x0000000008000188       0x40 /Applications/STM32CubeIDE.app/Contents/Eclipse/plugins/com.st.stm32cube.ide.mcu.externaltools.gnu-tools-for-stm32.7-2018-q2-update.macos64_1.0.0.201904181610/tools/bin/../lib/gcc/arm-none-eabi/7.3.1/thumb/v7e-m/fpv4-sp/hard/crtbegin.o
 *(.text*)
 .text.main     0x00000000080001c8      0x160 Core/Src/main.o
                0x00000000080001c8                main
 .text.SystemClock_Config
                0x0000000008000328       0xd4 Core/Src/main.o
                0x0000000008000328                SystemClock_Config
 .text.MX_ADC1_Init
                0x00000000080003fc       0xa4 Core/Src/main.o
 .text.MX_ADC2_Init
                0x00000000080004a0       0xa4 Core/Src/main.o
 .text.MX_DAC_Init
                0x0000000008000544       0x68 Core/Src/main.o
 .text.MX_I2C1_Init
                0x00000000080005ac       0x5c Core/Src/main.o
 .text.MX_I2C3_Init
                0x0000000008000608       0x5c Core/Src/main.o
 .text.MX_TIM3_Init
                0x0000000008000664       0xec Core/Src/main.o
 .text.MX_TIM4_Init
                0x0000000008000750       0xec Core/Src/main.o
 .text.MX_USART2_UART_Init
                0x000000000800083c       0x54 Core/Src/main.o
 .text.MX_USART3_UART_Init
                0x0000000008000890       0x54 Core/Src/main.o
 .text.MX_GPIO_Init
                0x00000000080008e4      0x298 Core/Src/main.o
 .text.ADC_Read
                0x0000000008000b7c       0x2a Core/Src/main.o
 *fill*         0x0000000008000ba6        0x2 
 .text.driving  0x0000000008000ba8       0xec Core/Src/main.o
 .text.forward  0x0000000008000c94      0x158 Core/Src/main.o
 .text.backward
                0x0000000008000dec      0x148 Core/Src/main.o
 .text.stop     0x0000000008000f34       0x4c Core/Src/main.o
 .text.clockwise
                0x0000000008000f80       0x84 Core/Src/main.o
 .text.counterclockwise
                0x0000000008001004       0x80 Core/Src/main.o
 .text.Error_Handler
                0x0000000008001084        0xe Core/Src/main.o
                0x0000000008001084                Error_Handler
 *fill*         0x0000000008001092        0x2 
 .text.HAL_TIM_MspPostInit
                0x0000000008001094       0xc4 Core/Src/stm32f4xx_hal_msp.o
                0x0000000008001094                HAL_TIM_MspPostInit
 .text.NMI_Handler
                0x0000000008001158        0xe Core/Src/stm32f4xx_it.o
                0x0000000008001158                NMI_Handler
 .text.HardFault_Handler
                0x0000000008001166        0x6 Core/Src/stm32f4xx_it.o
                0x0000000008001166                HardFault_Handler
 .text.MemManage_Handler
                0x000000000800116c        0x6 Core/Src/stm32f4xx_it.o
                0x000000000800116c                MemManage_Handler
 .text.BusFault_Handler
                0x0000000008001172        0x6 Core/Src/stm32f4xx_it.o
                0x0000000008001172                BusFault_Handler
 .text.UsageFault_Handler
                0x0000000008001178        0x6 Core/Src/stm32f4xx_it.o
                0x0000000008001178                UsageFault_Handler
 .text.SVC_Handler
                0x000000000800117e        0xe Core/Src/stm32f4xx_it.o
                0x000000000800117e                SVC_Handler
 .text.DebugMon_Handler
                0x000000000800118c        0xe Core/Src/stm32f4xx_it.o
                0x000000000800118c                DebugMon_Handler
 .text.PendSV_Handler
                0x000000000800119a        0xe Core/Src/stm32f4xx_it.o
                0x000000000800119a                PendSV_Handler
 .text.SysTick_Handler
                0x00000000080011a8        0xc Core/Src/stm32f4xx_it.o
                0x00000000080011a8                SysTick_Handler
 .text.SystemInit
                0x00000000080011b4       0x2c Core/Src/system_stm32f4xx.o
                0x00000000080011b4                SystemInit
 .text.Reset_Handler
                0x00000000080011e0       0x50 Core/Startup/startup_stm32f407vgtx.o
                0x00000000080011e0                Reset_Handler
 .text.Default_Handler
                0x0000000008001230        0x2 Core/Startup/startup_stm32f407vgtx.o
                0x0000000008001230                DMA1_Stream3_IRQHandler
                0x0000000008001230                HASH_RNG_IRQHandler
                0x0000000008001230                EXTI2_IRQHandler
                0x0000000008001230                TIM8_CC_IRQHandler
                0x0000000008001230                TIM1_CC_IRQHandler
                0x0000000008001230                DMA2_Stream5_IRQHandler
                0x0000000008001230                DMA1_Stream5_IRQHandler
                0x0000000008001230                PVD_IRQHandler
                0x0000000008001230                SDIO_IRQHandler
                0x0000000008001230                TAMP_STAMP_IRQHandler
                0x0000000008001230                CAN2_RX1_IRQHandler
                0x0000000008001230                EXTI3_IRQHandler
                0x0000000008001230                TIM8_TRG_COM_TIM14_IRQHandler
                0x0000000008001230                TIM1_UP_TIM10_IRQHandler
                0x0000000008001230                TIM8_UP_TIM13_IRQHandler
                0x0000000008001230                I2C3_ER_IRQHandler
                0x0000000008001230                EXTI0_IRQHandler
                0x0000000008001230                I2C2_EV_IRQHandler
                0x0000000008001230                DMA1_Stream2_IRQHandler
                0x0000000008001230                CAN1_RX0_IRQHandler
                0x0000000008001230                FPU_IRQHandler
                0x0000000008001230                OTG_HS_WKUP_IRQHandler
                0x0000000008001230                CAN2_SCE_IRQHandler
                0x0000000008001230                DMA2_Stream2_IRQHandler
                0x0000000008001230                SPI1_IRQHandler
                0x0000000008001230                TIM6_DAC_IRQHandler
                0x0000000008001230                TIM1_BRK_TIM9_IRQHandler
                0x0000000008001230                DCMI_IRQHandler
                0x0000000008001230                CAN2_RX0_IRQHandler
                0x0000000008001230                DMA2_Stream3_IRQHandler
                0x0000000008001230                USART6_IRQHandler
                0x0000000008001230                USART3_IRQHandler
                0x0000000008001230                CAN1_RX1_IRQHandler
                0x0000000008001230                UART5_IRQHandler
                0x0000000008001230                DMA2_Stream0_IRQHandler
                0x0000000008001230                TIM4_IRQHandler
                0x0000000008001230                I2C1_EV_IRQHandler
                0x0000000008001230                DMA1_Stream6_IRQHandler
                0x0000000008001230                DMA1_Stream1_IRQHandler
                0x0000000008001230                UART4_IRQHandler
                0x0000000008001230                TIM3_IRQHandler
                0x0000000008001230                RCC_IRQHandler
                0x0000000008001230                TIM8_BRK_TIM12_IRQHandler
                0x0000000008001230                Default_Handler
                0x0000000008001230                EXTI15_10_IRQHandler
                0x0000000008001230                ADC_IRQHandler
                0x0000000008001230                DMA1_Stream7_IRQHandler
                0x0000000008001230                TIM7_IRQHandler
                0x0000000008001230                CAN2_TX_IRQHandler
                0x0000000008001230                TIM5_IRQHandler
                0x0000000008001230                DMA2_Stream7_IRQHandler
                0x0000000008001230                I2C3_EV_IRQHandler
                0x0000000008001230                EXTI9_5_IRQHandler
                0x0000000008001230                RTC_WKUP_IRQHandler
                0x0000000008001230                ETH_WKUP_IRQHandler
                0x0000000008001230                SPI2_IRQHandler
                0x0000000008001230                OTG_HS_EP1_IN_IRQHandler
                0x0000000008001230                DMA1_Stream0_IRQHandler
                0x0000000008001230                CAN1_TX_IRQHandler
                0x0000000008001230                EXTI4_IRQHandler
                0x0000000008001230                FSMC_IRQHandler
                0x0000000008001230                ETH_IRQHandler
                0x0000000008001230                OTG_HS_EP1_OUT_IRQHandler
                0x0000000008001230                WWDG_IRQHandler
                0x0000000008001230                TIM2_IRQHandler
                0x0000000008001230                OTG_FS_WKUP_IRQHandler
                0x0000000008001230                TIM1_TRG_COM_TIM11_IRQHandler
                0x0000000008001230                OTG_HS_IRQHandler
                0x0000000008001230                EXTI1_IRQHandler
                0x0000000008001230                USART2_IRQHandler
                0x0000000008001230                I2C2_ER_IRQHandler
                0x0000000008001230                DMA2_Stream1_IRQHandler
                0x0000000008001230                CAN1_SCE_IRQHandler
                0x0000000008001230                FLASH_IRQHandler
                0x0000000008001230                DMA2_Stream4_IRQHandler
                0x0000000008001230                USART1_IRQHandler
                0x0000000008001230                OTG_FS_IRQHandler
                0x0000000008001230                SPI3_IRQHandler
                0x0000000008001230                DMA1_Stream4_IRQHandler
                0x0000000008001230                I2C1_ER_IRQHandler
                0x0000000008001230                DMA2_Stream6_IRQHandler
                0x0000000008001230                RTC_Alarm_IRQHandler
 *fill*         0x0000000008001232        0x2 
 .text.__libc_init_array
                0x0000000008001234       0x48 /Applications/STM32CubeIDE.app/Contents/Eclipse/plugins/com.st.stm32cube.ide.mcu.externaltools.gnu-tools-for-stm32.7-2018-q2-update.macos64_1.0.0.201904181610/tools/bin/../lib/gcc/arm-none-eabi/7.3.1/../../../../arm-none-eabi/lib/thumb/v7e-m/fpv4-sp/hard/libc_nano.a(lib_a-init.o)
                0x0000000008001234                __libc_init_array
 .text.memset   0x000000000800127c       0x10 /Applications/STM32CubeIDE.app/Contents/Eclipse/plugins/com.st.stm32cube.ide.mcu.externaltools.gnu-tools-for-stm32.7-2018-q2-update.macos64_1.0.0.201904181610/tools/bin/../lib/gcc/arm-none-eabi/7.3.1/../../../../arm-none-eabi/lib/thumb/v7e-m/fpv4-sp/hard/libc_nano.a(lib_a-memset.o)
                0x000000000800127c                memset
 *(.glue_7)
 .glue_7        0x000000000800128c        0x0 linker stubs
 *(.glue_7t)
 .glue_7t       0x000000000800128c        0x0 linker stubs
 *(.eh_frame)
 .eh_frame      0x000000000800128c        0x0 /Applications/STM32CubeIDE.app/Contents/Eclipse/plugins/com.st.stm32cube.ide.mcu.externaltools.gnu-tools-for-stm32.7-2018-q2-update.macos64_1.0.0.201904181610/tools/bin/../lib/gcc/arm-none-eabi/7.3.1/thumb/v7e-m/fpv4-sp/hard/crtbegin.o
 *(.init)
 .init          0x000000000800128c        0x4 /Applications/STM32CubeIDE.app/Contents/Eclipse/plugins/com.st.stm32cube.ide.mcu.externaltools.gnu-tools-for-stm32.7-2018-q2-update.macos64_1.0.0.201904181610/tools/bin/../lib/gcc/arm-none-eabi/7.3.1/thumb/v7e-m/fpv4-sp/hard/crti.o
                0x000000000800128c                _init
 .init          0x0000000008001290        0x8 /Applications/STM32CubeIDE.app/Contents/Eclipse/plugins/com.st.stm32cube.ide.mcu.externaltools.gnu-tools-for-stm32.7-2018-q2-update.macos64_1.0.0.201904181610/tools/bin/../lib/gcc/arm-none-eabi/7.3.1/thumb/v7e-m/fpv4-sp/hard/crtn.o
 *(.fini)
 .fini          0x0000000008001298        0x4 /Applications/STM32CubeIDE.app/Contents/Eclipse/plugins/com.st.stm32cube.ide.mcu.externaltools.gnu-tools-for-stm32.7-2018-q2-update.macos64_1.0.0.201904181610/tools/bin/../lib/gcc/arm-none-eabi/7.3.1/thumb/v7e-m/fpv4-sp/hard/crti.o
                0x0000000008001298                _fini
 .fini          0x000000000800129c        0x8 /Applications/STM32CubeIDE.app/Contents/Eclipse/plugins/com.st.stm32cube.ide.mcu.externaltools.gnu-tools-for-stm32.7-2018-q2-update.macos64_1.0.0.201904181610/tools/bin/../lib/gcc/arm-none-eabi/7.3.1/thumb/v7e-m/fpv4-sp/hard/crtn.o
                0x00000000080012a4                . = ALIGN (0x4)
                0x00000000080012a4                _etext = .

.vfp11_veneer   0x00000000080012a4        0x0
 .vfp11_veneer  0x00000000080012a4        0x0 linker stubs

.v4_bx          0x00000000080012a4        0x0
 .v4_bx         0x00000000080012a4        0x0 linker stubs

.iplt           0x00000000080012a4        0x0
 .iplt          0x00000000080012a4        0x0 /Applications/STM32CubeIDE.app/Contents/Eclipse/plugins/com.st.stm32cube.ide.mcu.externaltools.gnu-tools-for-stm32.7-2018-q2-update.macos64_1.0.0.201904181610/tools/bin/../lib/gcc/arm-none-eabi/7.3.1/thumb/v7e-m/fpv4-sp/hard/crtbegin.o

.rel.dyn        0x00000000080012a4        0x0
 .rel.iplt      0x00000000080012a4        0x0 /Applications/STM32CubeIDE.app/Contents/Eclipse/plugins/com.st.stm32cube.ide.mcu.externaltools.gnu-tools-for-stm32.7-2018-q2-update.macos64_1.0.0.201904181610/tools/bin/../lib/gcc/arm-none-eabi/7.3.1/thumb/v7e-m/fpv4-sp/hard/crtbegin.o

.rodata         0x00000000080012a4        0x0
                0x00000000080012a4                . = ALIGN (0x4)
 *(.rodata)
 *(.rodata*)
                0x00000000080012a4                . = ALIGN (0x4)

.ARM.extab      0x00000000080012a4        0x0
                0x00000000080012a4                . = ALIGN (0x4)
 *(.ARM.extab* .gnu.linkonce.armextab.*)
                0x00000000080012a4                . = ALIGN (0x4)

.ARM            0x00000000080012a4        0x0
                0x00000000080012a4                . = ALIGN (0x4)
                0x00000000080012a4                __exidx_start = .
 *(.ARM.exidx*)
                0x00000000080012a4                __exidx_end = .
                0x00000000080012a4                . = ALIGN (0x4)

.preinit_array  0x00000000080012a4        0x0
                0x00000000080012a4                . = ALIGN (0x4)
                0x00000000080012a4                PROVIDE (__preinit_array_start = .)
 *(.preinit_array*)
                0x00000000080012a4                PROVIDE (__preinit_array_end = .)
                0x00000000080012a4                . = ALIGN (0x4)

.init_array     0x00000000080012a4        0x4
                0x00000000080012a4                . = ALIGN (0x4)
                0x00000000080012a4                PROVIDE (__init_array_start = .)
 *(SORT_BY_NAME(.init_array.*))
 *(.init_array*)
 .init_array    0x00000000080012a4        0x4 /Applications/STM32CubeIDE.app/Contents/Eclipse/plugins/com.st.stm32cube.ide.mcu.externaltools.gnu-tools-for-stm32.7-2018-q2-update.macos64_1.0.0.201904181610/tools/bin/../lib/gcc/arm-none-eabi/7.3.1/thumb/v7e-m/fpv4-sp/hard/crtbegin.o
                0x00000000080012a8                PROVIDE (__init_array_end = .)
                0x00000000080012a8                . = ALIGN (0x4)

.fini_array     0x00000000080012a8        0x4
                0x00000000080012a8                . = ALIGN (0x4)
                [!provide]                        PROVIDE (__fini_array_start = .)
 *(SORT_BY_NAME(.fini_array.*))
 *(.fini_array*)
 .fini_array    0x00000000080012a8        0x4 /Applications/STM32CubeIDE.app/Contents/Eclipse/plugins/com.st.stm32cube.ide.mcu.externaltools.gnu-tools-for-stm32.7-2018-q2-update.macos64_1.0.0.201904181610/tools/bin/../lib/gcc/arm-none-eabi/7.3.1/thumb/v7e-m/fpv4-sp/hard/crtbegin.o
                [!provide]                        PROVIDE (__fini_array_end = .)
                0x00000000080012ac                . = ALIGN (0x4)
                0x00000000080012ac                _sidata = LOADADDR (.data)

.data           0x0000000020000000        0x0 load address 0x00000000080012ac
                0x0000000020000000                . = ALIGN (0x4)
                0x0000000020000000                _sdata = .
 *(.data)
 *(.data*)
                0x0000000020000000                . = ALIGN (0x4)
                0x0000000020000000                _edata = .

.igot.plt       0x0000000020000000        0x0 load address 0x00000000080012ac
 .igot.plt      0x0000000020000000        0x0 /Applications/STM32CubeIDE.app/Contents/Eclipse/plugins/com.st.stm32cube.ide.mcu.externaltools.gnu-tools-for-stm32.7-2018-q2-update.macos64_1.0.0.201904181610/tools/bin/../lib/gcc/arm-none-eabi/7.3.1/thumb/v7e-m/fpv4-sp/hard/crtbegin.o
                0x0000000020000000                . = ALIGN (0x4)

.bss            0x0000000020000000      0x280 load address 0x00000000080012ac
                0x0000000020000000                _sbss = .
                0x0000000020000000                __bss_start__ = _sbss
 *(.bss)
 .bss           0x0000000020000000       0x1c /Applications/STM32CubeIDE.app/Contents/Eclipse/plugins/com.st.stm32cube.ide.mcu.externaltools.gnu-tools-for-stm32.7-2018-q2-update.macos64_1.0.0.201904181610/tools/bin/../lib/gcc/arm-none-eabi/7.3.1/thumb/v7e-m/fpv4-sp/hard/crtbegin.o
 *(.bss*)
 .bss.ADC_1     0x000000002000001c        0x2 Core/Src/main.o
 .bss.ADC_2     0x000000002000001e        0x2 Core/Src/main.o
 .bss.PWM_1     0x0000000020000020        0x2 Core/Src/main.o
 .bss.PWM_2     0x0000000020000022        0x2 Core/Src/main.o
 .bss.BRIDGE_PIN_1_State
                0x0000000020000024        0x1 Core/Src/main.o
 .bss.BRIDGE_PIN_2_State
                0x0000000020000025        0x1 Core/Src/main.o
 .bss.BRIDGE_PIN_3_State
                0x0000000020000026        0x1 Core/Src/main.o
 .bss.BRIDGE_PIN_4_State
                0x0000000020000027        0x1 Core/Src/main.o
 .bss.voice     0x0000000020000028        0x1 Core/Src/main.o
                0x0000000020000028                voice
 *(COMMON)
 *fill*         0x0000000020000029        0x3 
 COMMON         0x000000002000002c      0x254 Core/Src/main.o
                0x000000002000002c                hi2c3
                0x0000000020000080                htim4
                0x00000000200000c0                huart3
                0x0000000020000100                hadc2
                0x0000000020000148                hi2c1
                0x000000002000019c                htim3
                0x00000000200001dc                hadc1
                0x0000000020000224                hdac
                0x0000000020000238                button_state
                0x000000002000023c                CASE
                0x0000000020000240                huart2
                0x0000000020000280                . = ALIGN (0x4)
                0x0000000020000280                _ebss = .
                0x0000000020000280                __bss_end__ = _ebss

._user_heap_stack
                0x0000000020000280      0x600 load address 0x00000000080012ac
                0x0000000020000280                . = ALIGN (0x8)
                0x0000000020000280                PROVIDE (end = .)
                [!provide]                        PROVIDE (_end = .)
                0x0000000020000480                . = (. + _Min_Heap_Size)
 *fill*         0x0000000020000280      0x200 
                0x0000000020000880                . = (. + _Min_Stack_Size)
 *fill*         0x0000000020000480      0x400 
                0x0000000020000880                . = ALIGN (0x8)

/DISCARD/
 libc.a(*)
 libm.a(*)
 libgcc.a(*)

.ARM.attributes
                0x0000000000000000       0x30
 *(.ARM.attributes)
 .ARM.attributes
                0x0000000000000000       0x22 /Applications/STM32CubeIDE.app/Contents/Eclipse/plugins/com.st.stm32cube.ide.mcu.externaltools.gnu-tools-for-stm32.7-2018-q2-update.macos64_1.0.0.201904181610/tools/bin/../lib/gcc/arm-none-eabi/7.3.1/thumb/v7e-m/fpv4-sp/hard/crti.o
 .ARM.attributes
                0x0000000000000022       0x34 /Applications/STM32CubeIDE.app/Contents/Eclipse/plugins/com.st.stm32cube.ide.mcu.externaltools.gnu-tools-for-stm32.7-2018-q2-update.macos64_1.0.0.201904181610/tools/bin/../lib/gcc/arm-none-eabi/7.3.1/thumb/v7e-m/fpv4-sp/hard/crtbegin.o
 .ARM.attributes
                0x0000000000000056       0x39 Core/Src/main.o
 .ARM.attributes
                0x000000000000008f       0x39 Core/Src/stm32f4xx_hal_msp.o
 .ARM.attributes
                0x00000000000000c8       0x39 Core/Src/stm32f4xx_it.o
 .ARM.attributes
                0x0000000000000101       0x39 Core/Src/system_stm32f4xx.o
 .ARM.attributes
                0x000000000000013a       0x21 Core/Startup/startup_stm32f407vgtx.o
 .ARM.attributes
                0x000000000000015b       0x34 /Applications/STM32CubeIDE.app/Contents/Eclipse/plugins/com.st.stm32cube.ide.mcu.externaltools.gnu-tools-for-stm32.7-2018-q2-update.macos64_1.0.0.201904181610/tools/bin/../lib/gcc/arm-none-eabi/7.3.1/../../../../arm-none-eabi/lib/thumb/v7e-m/fpv4-sp/hard/libc_nano.a(lib_a-init.o)
 .ARM.attributes
                0x000000000000018f       0x34 /Applications/STM32CubeIDE.app/Contents/Eclipse/plugins/com.st.stm32cube.ide.mcu.externaltools.gnu-tools-for-stm32.7-2018-q2-update.macos64_1.0.0.201904181610/tools/bin/../lib/gcc/arm-none-eabi/7.3.1/../../../../arm-none-eabi/lib/thumb/v7e-m/fpv4-sp/hard/libc_nano.a(lib_a-memset.o)
 .ARM.attributes
                0x00000000000001c3       0x22 /Applications/STM32CubeIDE.app/Contents/Eclipse/plugins/com.st.stm32cube.ide.mcu.externaltools.gnu-tools-for-stm32.7-2018-q2-update.macos64_1.0.0.201904181610/tools/bin/../lib/gcc/arm-none-eabi/7.3.1/thumb/v7e-m/fpv4-sp/hard/crtn.o
OUTPUT(test_no_default.elf elf32-littlearm)

.debug_info     0x0000000000000000     0x3e7e
 .debug_info    0x0000000000000000     0x2174 Core/Src/main.o
 .debug_info    0x0000000000002174     0x1578 Core/Src/stm32f4xx_hal_msp.o
 .debug_info    0x00000000000036ec      0x21c Core/Src/stm32f4xx_it.o
 .debug_info    0x0000000000003908      0x554 Core/Src/system_stm32f4xx.o
 .debug_info    0x0000000000003e5c       0x22 Core/Startup/startup_stm32f407vgtx.o

.debug_abbrev   0x0000000000000000      0x6b7
 .debug_abbrev  0x0000000000000000      0x2c5 Core/Src/main.o
 .debug_abbrev  0x00000000000002c5      0x1ef Core/Src/stm32f4xx_hal_msp.o
 .debug_abbrev  0x00000000000004b4       0xc6 Core/Src/stm32f4xx_it.o
 .debug_abbrev  0x000000000000057a      0x12b Core/Src/system_stm32f4xx.o
 .debug_abbrev  0x00000000000006a5       0x12 Core/Startup/startup_stm32f407vgtx.o

.debug_aranges  0x0000000000000000      0x1e8
 .debug_aranges
                0x0000000000000000       0xc0 Core/Src/main.o
 .debug_aranges
                0x00000000000000c0       0x78 Core/Src/stm32f4xx_hal_msp.o
 .debug_aranges
                0x0000000000000138       0x60 Core/Src/stm32f4xx_it.o
 .debug_aranges
                0x0000000000000198       0x28 Core/Src/system_stm32f4xx.o
 .debug_aranges
                0x00000000000001c0       0x28 Core/Startup/startup_stm32f407vgtx.o

.debug_ranges   0x0000000000000000      0x1a0
 .debug_ranges  0x0000000000000000       0xb0 Core/Src/main.o
 .debug_ranges  0x00000000000000b0       0x68 Core/Src/stm32f4xx_hal_msp.o
 .debug_ranges  0x0000000000000118       0x50 Core/Src/stm32f4xx_it.o
 .debug_ranges  0x0000000000000168       0x18 Core/Src/system_stm32f4xx.o
 .debug_ranges  0x0000000000000180       0x20 Core/Startup/startup_stm32f407vgtx.o

.debug_macro    0x0000000000000000    0x20938
 .debug_macro   0x0000000000000000      0x3fa Core/Src/main.o
 .debug_macro   0x00000000000003fa      0xa5a Core/Src/main.o
 .debug_macro   0x0000000000000e54      0x19c Core/Src/main.o
 .debug_macro   0x0000000000000ff0       0x2e Core/Src/main.o
 .debug_macro   0x000000000000101e       0x2f Core/Src/main.o
 .debug_macro   0x000000000000104d       0x22 Core/Src/main.o
 .debug_macro   0x000000000000106f       0x8e Core/Src/main.o
 .debug_macro   0x00000000000010fd       0x51 Core/Src/main.o
 .debug_macro   0x000000000000114e       0xef Core/Src/main.o
 .debug_macro   0x000000000000123d       0x6a Core/Src/main.o
 .debug_macro   0x00000000000012a7      0x1df Core/Src/main.o
 .debug_macro   0x0000000000001486       0x1c Core/Src/main.o
 .debug_macro   0x00000000000014a2       0x22 Core/Src/main.o
 .debug_macro   0x00000000000014c4       0xdf Core/Src/main.o
 .debug_macro   0x00000000000015a3     0x102d Core/Src/main.o
 .debug_macro   0x00000000000025d0      0x11f Core/Src/main.o
 .debug_macro   0x00000000000026ef    0x15e3c Core/Src/main.o
 .debug_macro   0x000000000001852b       0x43 Core/Src/main.o
 .debug_macro   0x000000000001856e     0x3659 Core/Src/main.o
 .debug_macro   0x000000000001bbc7      0x174 Core/Src/main.o
 .debug_macro   0x000000000001bd3b       0x5a Core/Src/main.o
 .debug_macro   0x000000000001bd95      0x96b Core/Src/main.o
 .debug_macro   0x000000000001c700      0x9fe Core/Src/main.o
 .debug_macro   0x000000000001d0fe      0x174 Core/Src/main.o
 .debug_macro   0x000000000001d272      0x117 Core/Src/main.o
 .debug_macro   0x000000000001d389      0x13e Core/Src/main.o
 .debug_macro   0x000000000001d4c7       0x27 Core/Src/main.o
 .debug_macro   0x000000000001d4ee      0x287 Core/Src/main.o
 .debug_macro   0x000000000001d775       0x5f Core/Src/main.o
 .debug_macro   0x000000000001d7d4      0x236 Core/Src/main.o
 .debug_macro   0x000000000001da0a      0x391 Core/Src/main.o
 .debug_macro   0x000000000001dd9b      0x176 Core/Src/main.o
 .debug_macro   0x000000000001df11       0xf9 Core/Src/main.o
 .debug_macro   0x000000000001e00a       0xea Core/Src/main.o
 .debug_macro   0x000000000001e0f4       0xa0 Core/Src/main.o
 .debug_macro   0x000000000001e194       0x3c Core/Src/main.o
 .debug_macro   0x000000000001e1d0      0x12c Core/Src/main.o
 .debug_macro   0x000000000001e2fc      0x21e Core/Src/main.o
 .debug_macro   0x000000000001e51a       0x2e Core/Src/main.o
 .debug_macro   0x000000000001e548      0x1b5 Core/Src/main.o
 .debug_macro   0x000000000001e6fd       0xd6 Core/Src/main.o
 .debug_macro   0x000000000001e7d3      0x11a Core/Src/main.o
 .debug_macro   0x000000000001e8ed       0x7e Core/Src/main.o
 .debug_macro   0x000000000001e96b       0x89 Core/Src/main.o
 .debug_macro   0x000000000001e9f4      0x8a0 Core/Src/main.o
 .debug_macro   0x000000000001f294       0x47 Core/Src/main.o
 .debug_macro   0x000000000001f2db      0x287 Core/Src/main.o
 .debug_macro   0x000000000001f562      0x12d Core/Src/main.o
 .debug_macro   0x000000000001f68f       0x22 Core/Src/main.o
 .debug_macro   0x000000000001f6b1      0x160 Core/Src/main.o
 .debug_macro   0x000000000001f811       0x46 Core/Src/main.o
 .debug_macro   0x000000000001f857       0x18 Core/Src/main.o
 .debug_macro   0x000000000001f86f       0x3c Core/Src/main.o
 .debug_macro   0x000000000001f8ab       0x34 Core/Src/main.o
 .debug_macro   0x000000000001f8df       0x52 Core/Src/main.o
 .debug_macro   0x000000000001f931       0x1f Core/Src/main.o
 .debug_macro   0x000000000001f950       0x43 Core/Src/main.o
 .debug_macro   0x000000000001f993       0x20 Core/Src/main.o
 .debug_macro   0x000000000001f9b3      0x1a3 Core/Src/main.o
 .debug_macro   0x000000000001fb56      0x32a Core/Src/main.o
 .debug_macro   0x000000000001fe80       0x10 Core/Src/main.o
 .debug_macro   0x000000000001fe90       0x35 Core/Src/main.o
 .debug_macro   0x000000000001fec5       0x20 Core/Src/main.o
 .debug_macro   0x000000000001fee5       0x1c Core/Src/main.o
 .debug_macro   0x000000000001ff01       0x10 Core/Src/main.o
 .debug_macro   0x000000000001ff11       0x10 Core/Src/main.o
 .debug_macro   0x000000000001ff21       0x1c Core/Src/main.o
 .debug_macro   0x000000000001ff3d       0x52 Core/Src/main.o
 .debug_macro   0x000000000001ff8f       0x40 Core/Src/main.o
 .debug_macro   0x000000000001ffcf       0x10 Core/Src/main.o
 .debug_macro   0x000000000001ffdf       0x40 Core/Src/main.o
 .debug_macro   0x000000000002001f       0xd7 Core/Src/main.o
 .debug_macro   0x00000000000200f6       0x1c Core/Src/main.o
 .debug_macro   0x0000000000020112       0x3d Core/Src/main.o
 .debug_macro   0x000000000002014f       0x16 Core/Src/main.o
 .debug_macro   0x0000000000020165      0x145 Core/Src/main.o
 .debug_macro   0x00000000000202aa      0x232 Core/Src/stm32f4xx_hal_msp.o
 .debug_macro   0x00000000000204dc      0x23c Core/Src/stm32f4xx_it.o
 .debug_macro   0x0000000000020718      0x220 Core/Src/system_stm32f4xx.o

.debug_line     0x0000000000000000     0x25ba
 .debug_line    0x0000000000000000      0xc6e Core/Src/main.o
 .debug_line    0x0000000000000c6e      0x8f2 Core/Src/stm32f4xx_hal_msp.o
 .debug_line    0x0000000000001560      0x835 Core/Src/stm32f4xx_it.o
 .debug_line    0x0000000000001d95      0x79f Core/Src/system_stm32f4xx.o
 .debug_line    0x0000000000002534       0x86 Core/Startup/startup_stm32f407vgtx.o

.debug_str      0x0000000000000000    0xcea67
 .debug_str     0x0000000000000000    0xce79b Core/Src/main.o
                                      0xceb9b (size before relaxing)
 .debug_str     0x00000000000ce79b      0x115 Core/Src/stm32f4xx_hal_msp.o
                                      0xca5a5 (size before relaxing)
 .debug_str     0x00000000000ce8b0       0xbd Core/Src/stm32f4xx_it.o
                                      0xc98e8 (size before relaxing)
 .debug_str     0x00000000000ce96d       0xc4 Core/Src/system_stm32f4xx.o
                                      0xc93ea (size before relaxing)
 .debug_str     0x00000000000cea31       0x36 Core/Startup/startup_stm32f407vgtx.o
                                         0x96 (size before relaxing)

.comment        0x0000000000000000       0x7b
 .comment       0x0000000000000000       0x7b Core/Src/main.o
                                         0x7c (size before relaxing)
 .comment       0x000000000000007b       0x7c Core/Src/stm32f4xx_hal_msp.o
 .comment       0x000000000000007b       0x7c Core/Src/stm32f4xx_it.o
 .comment       0x000000000000007b       0x7c Core/Src/system_stm32f4xx.o

.debug_frame    0x0000000000000000      0x648
 .debug_frame   0x0000000000000000      0x2cc Core/Src/main.o
 .debug_frame   0x00000000000002cc      0x1cc Core/Src/stm32f4xx_hal_msp.o
 .debug_frame   0x0000000000000498      0x10c Core/Src/stm32f4xx_it.o
 .debug_frame   0x00000000000005a4       0x58 Core/Src/system_stm32f4xx.o
 .debug_frame   0x00000000000005fc       0x2c /Applications/STM32CubeIDE.app/Contents/Eclipse/plugins/com.st.stm32cube.ide.mcu.externaltools.gnu-tools-for-stm32.7-2018-q2-update.macos64_1.0.0.201904181610/tools/bin/../lib/gcc/arm-none-eabi/7.3.1/../../../../arm-none-eabi/lib/thumb/v7e-m/fpv4-sp/hard/libc_nano.a(lib_a-init.o)
 .debug_frame   0x0000000000000628       0x20 /Applications/STM32CubeIDE.app/Contents/Eclipse/plugins/com.st.stm32cube.ide.mcu.externaltools.gnu-tools-for-stm32.7-2018-q2-update.macos64_1.0.0.201904181610/tools/bin/../lib/gcc/arm-none-eabi/7.3.1/../../../../arm-none-eabi/lib/thumb/v7e-m/fpv4-sp/hard/libc_nano.a(lib_a-memset.o)
