main.c:137:5:main	16	static
main.c:227:6:SystemClock_Config	88	static
main.c:270:13:MX_NVIC_Init	8	static
main.c:282:13:MX_ADC1_Init	24	static
main.c:332:13:MX_ADC2_Init	24	static
main.c:382:13:MX_DAC_Init	16	static
main.c:426:13:MX_I2C1_Init	8	static
main.c:460:13:MX_I2C3_Init	8	static
main.c:494:13:MX_TIM1_Init	32	static
main.c:540:13:MX_TIM3_Init	64	static
main.c:599:13:MX_TIM4_Init	64	static
main.c:658:13:MX_USART2_UART_Init	8	static
main.c:691:13:MX_USART3_UART_Init	8	static
main.c:724:13:MX_GPIO_Init	56	static
main.c:883:17:ADC_Read	16	static
main.c:895:13:manual_driving	8	static
main.c:943:13:voice_driving	8	static
main.c:982:13:backward	16	static
main.c:1020:13:forward	16	static
main.c:1058:13:stop	4	static
main.c:1075:13:clockwise	4	static
main.c:1092:13:counterclockwise	4	static
main.c:1109:13:Ultrasonic_Read	32	static
main.c:1127:13:Delay_us	16	static
main.c:1138:13:Reset_Timer_us	4	static
main.c:1147:17:Get_Timer_us	4	static
main.c:1158:6:Error_Handler	4	static
