main.c:116:5:main	16	static
main.c:251:6:SystemClock_Config	88	static
main.c:295:13:MX_ADC1_Init	24	static
main.c:345:13:MX_ADC2_Init	24	static
main.c:395:13:MX_DAC_Init	16	static
main.c:439:13:MX_I2C1_Init	8	static
main.c:473:13:MX_I2C3_Init	8	static
main.c:507:13:MX_TIM3_Init	64	static
main.c:566:13:MX_TIM4_Init	64	static
main.c:625:13:MX_USART2_UART_Init	8	static
main.c:658:13:MX_USART3_UART_Init	8	static
main.c:691:13:MX_GPIO_Init	56	static
main.c:820:13:Blink	8	static
main.c:834:17:ADC_Read	16	static
main.c:846:13:driving	8	static
main.c:894:13:forward	16	static
main.c:932:13:backward	16	static
main.c:970:13:stop	4	static
main.c:987:13:clockwise	4	static
main.c:1004:13:counterclockwise	4	static
main.c:1031:6:Error_Handler	4	static
