main.c:116:5:main	144	static
main.c:230:6:SystemClock_Config	88	static
main.c:274:13:MX_ADC1_Init	24	static
main.c:324:13:MX_ADC2_Init	24	static
main.c:374:13:MX_DAC_Init	16	static
main.c:418:13:MX_I2C1_Init	8	static
main.c:452:13:MX_I2C3_Init	8	static
main.c:486:13:MX_TIM3_Init	64	static
main.c:545:13:MX_TIM4_Init	64	static
main.c:604:13:MX_USART2_UART_Init	8	static
main.c:637:13:MX_USART3_UART_Init	8	static
main.c:670:13:MX_GPIO_Init	56	static
main.c:799:13:Blink	8	static
main.c:813:17:ADC_Read	16	static
main.c:825:13:driving	8	static
main.c:873:13:forward	16	static
main.c:911:13:backward	16	static
main.c:949:13:stop	4	static
main.c:966:13:clockwise	4	static
main.c:983:13:counterclockwise	4	static
main.c:1010:6:Error_Handler	4	static
