main.c:121:5:main	56	static
main.c:277:6:SystemClock_Config	88	static
main.c:321:13:MX_ADC1_Init	24	static
main.c:371:13:MX_ADC2_Init	24	static
main.c:421:13:MX_DAC_Init	16	static
main.c:465:13:MX_I2C1_Init	8	static
main.c:499:13:MX_I2C3_Init	8	static
main.c:533:13:MX_TIM1_Init	32	static
main.c:579:13:MX_TIM3_Init	64	static
main.c:638:13:MX_TIM4_Init	64	static
main.c:697:13:MX_USART2_UART_Init	8	static
main.c:730:13:MX_USART3_UART_Init	8	static
main.c:763:13:MX_GPIO_Init	56	static
main.c:902:13:Blink	8	static
main.c:916:17:ADC_Read	16	static
main.c:928:13:driving	8	static
main.c:976:13:forward	16	static
main.c:1014:13:backward	16	static
main.c:1052:13:stop	4	static
main.c:1069:13:clockwise	4	static
main.c:1086:13:counterclockwise	4	static
main.c:1098:13:Delay_us	16	static
main.c:1104:13:Reset_Timer_us	4	static
main.c:1108:17:Get_Timer_us	4	static
main.c:1127:6:Error_Handler	4	static
